Component: ARM Compiler 5.06 update 3 (build 300) Tool: armlink [4d35c9]

==============================================================================

Section Cross References

    main.o(i.Gps_Msg_Show) refers to _printf_percent.o(.ARM.Collect$$_printf_percent$$00000000) for _printf_percent
    main.o(i.Gps_Msg_Show) refers to _printf_f.o(.ARM.Collect$$_printf_percent$$00000003) for _printf_f
    main.o(i.Gps_Msg_Show) refers to printf1.o(x$fpl$printf1) for _printf_fp_dec
    main.o(i.Gps_Msg_Show) refers to _printf_s.o(.ARM.Collect$$_printf_percent$$00000014) for _printf_s
    main.o(i.Gps_Msg_Show) refers to _printf_str.o(.text) for _printf_str
    main.o(i.Gps_Msg_Show) refers to fflt_clz.o(x$fpl$ffltu) for __aeabi_ui2f
    main.o(i.Gps_Msg_Show) refers to frleqf.o(x$fpl$frleqf) for __aeabi_cfrcmple
    main.o(i.Gps_Msg_Show) refers to fdiv.o(x$fpl$fdiv) for __aeabi_fdiv
    main.o(i.Gps_Msg_Show) refers to f2d.o(x$fpl$f2d) for __aeabi_f2d
    main.o(i.Gps_Msg_Show) refers to __2sprintf.o(.text) for __2sprintf
    main.o(i.Gps_Msg_Show) refers to __2printf.o(.text) for __2printf
    main.o(i.Gps_Msg_Show) refers to main.o(.bss) for gpsx
    main.o(i.main) refers to _printf_percent.o(.ARM.Collect$$_printf_percent$$00000000) for _printf_percent
    main.o(i.main) refers to _printf_s.o(.ARM.Collect$$_printf_percent$$00000014) for _printf_s
    main.o(i.main) refers to _printf_str.o(.text) for _printf_str
    main.o(i.main) refers to _printf_f.o(.ARM.Collect$$_printf_percent$$00000003) for _printf_f
    main.o(i.main) refers to printf1.o(x$fpl$printf1) for _printf_fp_dec
    main.o(i.main) refers to delay.o(i.delay_init) for delay_init
    main.o(i.main) refers to misc.o(i.NVIC_PriorityGroupConfig) for NVIC_PriorityGroupConfig
    main.o(i.main) refers to usart.o(i.uart_init) for uart_init
    main.o(i.main) refers to usart2.o(i.usart2_init) for usart2_init
    main.o(i.main) refers to usart3.o(i.usart3_init) for usart3_init
    main.o(i.main) refers to sim900a.o(i.sim900a_gprs_test) for sim900a_gprs_test
    main.o(i.main) refers to led.o(i.LED_Init) for LED_Init
    main.o(i.main) refers to key.o(i.KEY_Init) for KEY_Init
    main.o(i.main) refers to mpu6050.o(i.MPU_Init) for MPU_Init
    main.o(i.main) refers to delay.o(i.delay_ms) for delay_ms
    main.o(i.main) refers to inv_mpu.o(i.mpu_dmp_init) for mpu_dmp_init
    main.o(i.main) refers to gps.o(i.Ublox_Cfg_Rate) for Ublox_Cfg_Rate
    main.o(i.main) refers to gps.o(i.Ublox_Cfg_Prt) for Ublox_Cfg_Prt
    main.o(i.main) refers to gps.o(i.Ublox_Cfg_Tp) for Ublox_Cfg_Tp
    main.o(i.main) refers to gps.o(i.Ublox_Cfg_Cfg_Save) for Ublox_Cfg_Cfg_Save
    main.o(i.main) refers to gps.o(i.GPS_Analysis) for GPS_Analysis
    main.o(i.main) refers to main.o(i.Gps_Msg_Show) for Gps_Msg_Show
    main.o(i.main) refers to __2printf.o(.text) for __2printf
    main.o(i.main) refers to inv_mpu.o(i.mpu_dmp_get_data) for mpu_dmp_get_data
    main.o(i.main) refers to f2d.o(x$fpl$f2d) for __aeabi_f2d
    main.o(i.main) refers to faddsub_clz.o(x$fpl$fsub) for __aeabi_fsub
    main.o(i.main) refers to fleqf.o(x$fpl$fleqf) for __aeabi_cfcmple
    main.o(i.main) refers to frleqf.o(x$fpl$frleqf) for __aeabi_cfrcmple
    main.o(i.main) refers to feqf.o(x$fpl$feqf) for __aeabi_cfcmpeq
    main.o(i.main) refers to usart2.o(.data) for USART2_RX_STA
    main.o(i.main) refers to usart2.o(.bss) for USART2_RX_BUF
    main.o(i.main) refers to main.o(.bss) for USART1_TX_BUF
    main.o(i.main) refers to main.o(.data) for yaw
    sim900a.o(i.sim900a_check_cmd) refers to strstr.o(.text) for strstr
    sim900a.o(i.sim900a_check_cmd) refers to usart3.o(.data) for USART3_RX_STA
    sim900a.o(i.sim900a_check_cmd) refers to usart3.o(.bss) for USART3_RX_BUF
    sim900a.o(i.sim900a_gprs_test) refers to sim900a.o(i.sim900a_send_cmd) for sim900a_send_cmd
    sim900a.o(i.sim900a_gprs_test) refers to __2printf.o(.text) for __2printf
    sim900a.o(i.sim900a_gprs_test) refers to sim900a.o(i.sim900a_tcpudp_test) for sim900a_tcpudp_test
    sim900a.o(i.sim900a_send_cmd) refers to usart3.o(i.u3_printf) for u3_printf
    sim900a.o(i.sim900a_send_cmd) refers to delay.o(i.delay_ms) for delay_ms
    sim900a.o(i.sim900a_send_cmd) refers to sim900a.o(i.sim900a_check_cmd) for sim900a_check_cmd
    sim900a.o(i.sim900a_send_cmd) refers to usart3.o(.data) for USART3_RX_STA
    sim900a.o(i.sim900a_tcpudp_test) refers to _printf_percent.o(.ARM.Collect$$_printf_percent$$00000000) for _printf_percent
    sim900a.o(i.sim900a_tcpudp_test) refers to _printf_s.o(.ARM.Collect$$_printf_percent$$00000014) for _printf_s
    sim900a.o(i.sim900a_tcpudp_test) refers to _printf_str.o(.text) for _printf_str
    sim900a.o(i.sim900a_tcpudp_test) refers to _printf_d.o(.ARM.Collect$$_printf_percent$$00000009) for _printf_d
    sim900a.o(i.sim900a_tcpudp_test) refers to _printf_dec.o(.text) for _printf_int_dec
    sim900a.o(i.sim900a_tcpudp_test) refers to rt_memcpy_w.o(.text) for __aeabi_memcpy4
[...]
    _printf_i                                0x080001d3   Thumb Code     0  _printf_i.o(.ARM.Collect$$_printf_percent$$00000008)
    _printf_d                                0x080001d9   Thumb Code     0  _printf_d.o(.ARM.Collect$$_printf_percent$$00000009)
    _printf_u                                0x080001df   Thumb Code     0  _printf_u.o(.ARM.Collect$$_printf_percent$$0000000A)
    _printf_o                                0x080001e5   Thumb Code     0  _printf_o.o(.ARM.Collect$$_printf_percent$$0000000B)
    _printf_x                                0x080001eb   Thumb Code     0  _printf_x.o(.ARM.Collect$$_printf_percent$$0000000C)
    _printf_lli                              0x080001f1   Thumb Code     0  _printf_lli.o(.ARM.Collect$$_printf_percent$$0000000D)
    _printf_lld                              0x080001f7   Thumb Code     0  _printf_lld.o(.ARM.Collect$$_printf_percent$$0000000E)
    _printf_llu                              0x080001fd   Thumb Code     0  _printf_llu.o(.ARM.Collect$$_printf_percent$$0000000F)
    _printf_llo                              0x08000203   Thumb Code     0  _printf_llo.o(.ARM.Collect$$_printf_percent$$00000010)
    _printf_llx                              0x08000209   Thumb Code     0  _printf_llx.o(.ARM.Collect$$_printf_percent$$00000011)
    _printf_l                                0x0800020f   Thumb Code     0  _printf_l.o(.ARM.Collect$$_printf_percent$$00000012)
    _printf_c                                0x08000219   Thumb Code     0  _printf_c.o(.ARM.Collect$$_printf_percent$$00000013)
    _printf_s                                0x0800021f   Thumb Code     0  _printf_s.o(.ARM.Collect$$_printf_percent$$00000014)
    _printf_lc                               0x08000225   Thumb Code     0  _printf_lc.o(.ARM.Collect$$_printf_percent$$00000015)
    _printf_ls                               0x0800022b   Thumb Code     0  _printf_ls.o(.ARM.Collect$$_printf_percent$$00000016)
    _printf_percent_end                      0x08000231   Thumb Code     0  _printf_percent_end.o(.ARM.Collect$$_printf_percent$$00000017)
    __rt_lib_init                            0x08000235   Thumb Code     0  libinit.o(.ARM.Collect$$libinit$$00000000)
    __rt_lib_init_fp_1                       0x08000237   Thumb Code     0  libinit2.o(.ARM.Collect$$libinit$$00000002)
    __rt_lib_init_heap_1                     0x08000237   Thumb Code     0  libinit2.o(.ARM.Collect$$libinit$$0000000A)
    __rt_lib_init_lc_common                  0x08000237   Thumb Code     0  libinit2.o(.ARM.Collect$$libinit$$0000000F)
    __rt_lib_init_preinit_1                  0x08000237   Thumb Code     0  libinit2.o(.ARM.Collect$$libinit$$00000004)
    __rt_lib_init_rand_1                     0x08000237   Thumb Code     0  libinit2.o(.ARM.Collect$$libinit$$0000000E)
    __rt_lib_init_user_alloc_1               0x08000237   Thumb Code     0  libinit2.o(.ARM.Collect$$libinit$$0000000C)
    __rt_lib_init_lc_collate_1               0x0800023d   Thumb Code     0  libinit2.o(.ARM.Collect$$libinit$$00000011)
    __rt_lib_init_lc_ctype_2                 0x0800023d   Thumb Code     0  libinit2.o(.ARM.Collect$$libinit$$00000012)
    __rt_lib_init_lc_ctype_1                 0x08000249   Thumb Code     0  libinit2.o(.ARM.Collect$$libinit$$00000013)
    __rt_lib_init_lc_monetary_1              0x08000249   Thumb Code     0  libinit2.o(.ARM.Collect$$libinit$$00000015)
    __rt_lib_init_lc_numeric_2               0x08000249   Thumb Code     0  libinit2.o(.ARM.Collect$$libinit$$00000016)
    __rt_lib_init_alloca_1                   0x08000253   Thumb Code     0  libinit2.o(.ARM.Collect$$libinit$$0000002E)
    __rt_lib_init_argv_1                     0x08000253   Thumb Code     0  libinit2.o(.ARM.Collect$$libinit$$0000002C)
    __rt_lib_init_atexit_1                   0x08000253   Thumb Code     0  libinit2.o(.ARM.Collect$$libinit$$0000001B)
    __rt_lib_init_clock_1                    0x08000253   Thumb Code     0  libinit2.o(.ARM.Collect$$libinit$$00000021)
    __rt_lib_init_cpp_1                      0x08000253   Thumb Code     0  libinit2.o(.ARM.Collect$$libinit$$00000032)
    __rt_lib_init_exceptions_1               0x08000253   Thumb Code     0  libinit2.o(.ARM.Collect$$libinit$$00000030)
    __rt_lib_init_fp_trap_1                  0x08000253   Thumb Code     0  libinit2.o(.ARM.Collect$$libinit$$0000001F)
    __rt_lib_init_getenv_1                   0x08000253   Thumb Code     0  libinit2.o(.ARM.Collect$$libinit$$00000023)
    __rt_lib_init_lc_numeric_1               0x08000253   Thumb Code     0  libinit2.o(.ARM.Collect$$libinit$$00000017)
    __rt_lib_init_lc_time_1                  0x08000253   Thumb Code     0  libinit2.o(.ARM.Collect$$libinit$$00000019)
    __rt_lib_init_return                     0x08000253   Thumb Code     0  libinit2.o(.ARM.Collect$$libinit$$00000033)
    __rt_lib_init_signal_1                   0x08000253   Thumb Code     0  libinit2.o(.ARM.Collect$$libinit$$0000001D)
    __rt_lib_init_stdio_1                    0x08000253   Thumb Code     0  libinit2.o(.ARM.Collect$$libinit$$00000025)
    __rt_lib_shutdown                        0x08000255   Thumb Code     0  libshutdown.o(.ARM.Collect$$libshutdown$$00000000)
    __rt_lib_shutdown_cpp_1                  0x08000257   Thumb Code     0  libshutdown2.o(.ARM.Collect$$libshutdown$$00000002)
    __rt_lib_shutdown_fp_trap_1              0x08000257   Thumb Code     0  libshutdown2.o(.ARM.Collect$$libshutdown$$00000007)
    __rt_lib_shutdown_heap_1                 0x08000257   Thumb Code     0  libshutdown2.o(.ARM.Collect$$libshutdown$$0000000F)
    __rt_lib_shutdown_return                 0x08000257   Thumb Code     0  libshutdown2.o(.ARM.Collect$$libshutdown$$00000010)
    __rt_lib_shutdown_signal_1               0x08000257   Thumb Code     0  libshutdown2.o(.ARM.Collect$$libshutdown$$0000000A)
    __rt_lib_shutdown_stdio_1                0x08000257   Thumb Code     0  libshutdown2.o(.ARM.Collect$$libshutdown$$00000004)
    __rt_lib_shutdown_user_alloc_1           0x08000257   Thumb Code     0  libshutdown2.o(.ARM.Collect$$libshutdown$$0000000C)
    __rt_entry                               0x08000259   Thumb Code     0  __rtentry.o(.ARM.Collect$$rtentry$$00000000)
    __rt_entry_presh_1                       0x08000259   Thumb Code     0  __rtentry2.o(.ARM.Collect$$rtentry$$00000002)
    __rt_entry_sh                            0x08000259   Thumb Code     0  __rtentry4.o(.ARM.Collect$$rtentry$$00000004)
    __rt_entry_li                            0x0800025f   Thumb Code     0  __rtentry2.o(.ARM.Collect$$rtentry$$0000000A)
    __rt_entry_postsh_1                      0x0800025f   Thumb Code     0  __rtentry2.o(.ARM.Collect$$rtentry$$00000009)
    __rt_entry_main                          0x08000263   Thumb Code     0  __rtentry2.o(.ARM.Collect$$rtentry$$0000000D)
    __rt_entry_postli_1                      0x08000263   Thumb Code     0  __rtentry2.o(.ARM.Collect$$rtentry$$0000000C)
    __rt_exit                                0x0800026b   Thumb Code     0  rtexit.o(.ARM.Collect$$rtexit$$00000000)
    __rt_exit_ls                             0x0800026d   Thumb Code     0  rtexit2.o(.ARM.Collect$$rtexit$$00000003)
    __rt_exit_prels_1                        0x0800026d   Thumb Code     0  rtexit2.o(.ARM.Collect$$rtexit$$00000002)
    __rt_exit_exit                           0x08000271   Thumb Code     0  rtexit2.o(.ARM.Collect$$rtexit$$00000004)
    Reset_Handler                            0x08000279   Thumb Code     8  startup_stm32f10x_hd.o(.text)
    ADC1_2_IRQHandler                        0x08000293   Thumb Code     0  startup_stm32f10x_hd.o(.text)
    ADC3_IRQHandler                          0x08000293   Thumb Code     0  startup_stm32f10x_hd.o(.text)
    CAN1_RX1_IRQHandler                      0x08000293   Thumb Code     0  startup_stm32f10x_hd.o(.text)
    CAN1_SCE_IRQHandler                      0x08000293   Thumb Code     0  startup_stm32f10x_hd.o(.text)
    DMA1_Channel1_IRQHandler                 0x08000293   Thumb Code     0  startup_stm32f10x_hd.o(.text)
    DMA1_Channel2_IRQHandler                 0x08000293   Thumb Code     0  startup_stm32f10x_hd.o(.text)
    DMA1_Channel3_IRQHandler                 0x08000293   Thumb Code     0  startup_stm32f10x_hd.o(.text)
    DMA1_Channel4_IRQHandler                 0x08000293   Thumb Code     0  startup_stm32f10x_hd.o(.text)
    DMA1_Channel5_IRQHandler                 0x08000293   Thumb Code     0  startup_stm32f10x_hd.o(.text)
    DMA1_Channel6_IRQHandler                 0x08000293   Thumb Code     0  startup_stm32f10x_hd.o(.text)
    DMA1_Channel7_IRQHandler                 0x08000293   Thumb Code     0  startup_stm32f10x_hd.o(.text)
    DMA2_Channel1_IRQHandler                 0x08000293   Thumb Code     0  startup_stm32f10x_hd.o(.text)
    DMA2_Channel2_IRQHandler                 0x08000293   Thumb Code     0  startup_stm32f10x_hd.o(.text)
    DMA2_Channel3_IRQHandler                 0x08000293   Thumb Code     0  startup_stm32f10x_hd.o(.text)
    DMA2_Channel4_5_IRQHandler               0x08000293   Thumb Code     0  startup_stm32f10x_hd.o(.text)
    EXTI0_IRQHandler                         0x08000293   Thumb Code     0  startup_stm32f10x_hd.o(.text)
    EXTI15_10_IRQHandler                     0x08000293   Thumb Code     0  startup_stm32f10x_hd.o(.text)
    EXTI1_IRQHandler                         0x08000293   Thumb Code     0  startup_stm32f10x_hd.o(.text)
    EXTI2_IRQHandler                         0x08000293   Thumb Code     0  startup_stm32f10x_hd.o(.text)
    EXTI3_IRQHandler                         0x08000293   Thumb Code     0  startup_stm32f10x_hd.o(.text)
    EXTI4_IRQHandler                         0x08000293   Thumb Code     0  startup_stm32f10x_hd.o(.text)
    EXTI9_5_IRQHandler                       0x08000293   Thumb Code     0  startup_stm32f10x_hd.o(.text)
    FLASH_IRQHandler                         0x08000293   Thumb Code     0  startup_stm32f10x_hd.o(.text)
    FSMC_IRQHandler                          0x08000293   Thumb Code     0  startup_stm32f10x_hd.o(.text)
    I2C1_ER_IRQHandler                       0x08000293   Thumb Code     0  startup_stm32f10x_hd.o(.text)
    I2C1_EV_IRQHandler                       0x08000293   Thumb Code     0  startup_stm32f10x_hd.o(.text)
    I2C2_ER_IRQHandler                       0x08000293   Thumb Code     0  startup_stm32f10x_hd.o(.text)
    I2C2_EV_IRQHandler                       0x08000293   Thumb Code     0  startup_stm32f10x_hd.o(.text)
    PVD_IRQHandler                           0x08000293   Thumb Code     0  startup_stm32f10x_hd.o(.text)
    RCC_IRQHandler                           0x08000293   Thumb Code     0  startup_stm32f10x_hd.o(.text)
    RTCAlarm_IRQHandler                      0x08000293   Thumb Code     0  startup_stm32f10x_hd.o(.text)
    RTC_IRQHandler                           0x08000293   Thumb Code     0  startup_stm32f10x_hd.o(.text)
    SDIO_IRQHandler                          0x08000293   Thumb Code     0  startup_stm32f10x_hd.o(.text)
    SPI1_IRQHandler                          0x08000293   Thumb Code     0  startup_stm32f10x_hd.o(.text)
    SPI2_IRQHandler                          0x08000293   Thumb Code     0  startup_stm32f10x_hd.o(.text)
    SPI3_IRQHandler                          0x08000293   Thumb Code     0  startup_stm32f10x_hd.o(.text)
    TAMPER_IRQHandler                        0x08000293   Thumb Code     0  startup_stm32f10x_hd.o(.text)
    TIM1_BRK_IRQHandler                      0x08000293   Thumb Code     0  startup_stm32f10x_hd.o(.text)
    TIM1_CC_IRQHandler                       0x08000293   Thumb Code     0  startup_stm32f10x_hd.o(.text)
    TIM1_TRG_COM_IRQHandler                  0x08000293   Thumb Code     0  startup_stm32f10x_hd.o(.text)
    TIM1_UP_IRQHandler                       0x08000293   Thumb Code     0  startup_stm32f10x_hd.o(.text)
    TIM2_IRQHandler                          0x08000293   Thumb Code     0  startup_stm32f10x_hd.o(.text)
    TIM3_IRQHandler                          0x08000293   Thumb Code     0  startup_stm32f10x_hd.o(.text)
    TIM4_IRQHandler                          0x08000293   Thumb Code     0  startup_stm32f10x_hd.o(.text)
    TIM5_IRQHandler                          0x08000293   Thumb Code     0  startup_stm32f10x_hd.o(.text)
    TIM8_BRK_IRQHandler                      0x08000293   Thumb Code     0  startup_stm32f10x_hd.o(.text)
    TIM8_CC_IRQHandler                       0x08000293   Thumb Code     0  startup_stm32f10x_hd.o(.text)
    TIM8_TRG_COM_IRQHandler                  0x08000293   Thumb Code     0  startup_stm32f10x_hd.o(.text)
    TIM8_UP_IRQHandler                       0x08000293   Thumb Code     0  startup_stm32f10x_hd.o(.text)
    UART4_IRQHandler                         0x08000293   Thumb Code     0  startup_stm32f10x_hd.o(.text)
    UART5_IRQHandler                         0x08000293   Thumb Code     0  startup_stm32f10x_hd.o(.text)
    USBWakeUp_IRQHandler                     0x08000293   Thumb Code     0  startup_stm32f10x_hd.o(.text)
    USB_HP_CAN1_TX_IRQHandler                0x08000293   Thumb Code     0  startup_stm32f10x_hd.o(.text)
    USB_LP_CAN1_RX0_IRQHandler               0x08000293   Thumb Code     0  startup_stm32f10x_hd.o(.text)
    WWDG_IRQHandler                          0x08000293   Thumb Code     0  startup_stm32f10x_hd.o(.text)
    __user_initial_stackheap                 0x08000295   Thumb Code     0  startup_stm32f10x_hd.o(.text)
    __use_no_semihosting                     0x080002b9   Thumb Code     2  use_no_semi_2.o(.text)
    __aeabi_ldivmod                          0x080002bb   Thumb Code     0  llsdiv.o(.text)
    _ll_sdiv                                 0x080002bb   Thumb Code    72  llsdiv.o(.text)
    __c89vsprintf                            0x08000305   Thumb Code    32  c89vsprintf.o(.text)
    __2printf                                0x08000329   Thumb Code    20  __2printf.o(.text)
    __2sprintf                               0x08000341   Thumb Code    38  __2sprintf.o(.text)
    _printf_pre_padding                      0x0800036d   Thumb Code    44  _printf_pad.o(.text)
    _printf_post_padding                     0x08000399   Thumb Code    34  _printf_pad.o(.text)
    _printf_str                              0x080003bb   Thumb Code    82  _printf_str.o(.text)
    _printf_int_dec                          0x0800040d   Thumb Code   104  _printf_dec.o(.text)
    _printf_longlong_hex                     0x08000485   Thumb Code    86  _printf_hex_int_ll_ptr.o(.text)
    _printf_int_hex                          0x080004db   Thumb Code    28  _printf_hex_int_ll_ptr.o(.text)
    _printf_ll_hex                           0x080004f7   Thumb Code    12  _printf_hex_int_ll_ptr.o(.text)
    _printf_hex_ptr                          0x08000503   Thumb Code    18  _printf_hex_int_ll_ptr.o(.text)
    __printf                                 0x08000519   Thumb Code   388  __printf_flags_ss_wp.o(.text)
    strstr                                   0x080006a1   Thumb Code    36  strstr.o(.text)
    memcmp                                   0x080006c5   Thumb Code    88  memcmp.o(.text)
    strlen                                   0x0800071d   Thumb Code    62  strlen.o(.text)
    strcat                                   0x0800075b   Thumb Code    24  strcat.o(.text)
    __aeabi_memcpy4                          0x08000773   Thumb Code     0  rt_memcpy_w.o(.text)
    __aeabi_memcpy8                          0x08000773   Thumb Code     0  rt_memcpy_w.o(.text)
    __rt_memcpy_w                            0x08000773   Thumb Code   100  rt_memcpy_w.o(.text)
    _memcpy_lastbytes_aligned                0x080007bb   Thumb Code     0  rt_memcpy_w.o(.text)
    __aeabi_memset                           0x080007d7   Thumb Code    16  aeabi_memset.o(.text)
    __aeabi_memclr4                          0x080007e7   Thumb Code     0  rt_memclr_w.o(.text)
    __aeabi_memclr8                          0x080007e7   Thumb Code     0  rt_memclr_w.o(.text)
    __rt_memclr_w                            0x080007e7   Thumb Code    78  rt_memclr_w.o(.text)
    _memset_w                                0x080007eb   Thumb Code     0  rt_memclr_w.o(.text)
    __use_two_region_memory                  0x08000835   Thumb Code     2  heapauxi.o(.text)
    __rt_heap_escrow$2region                 0x08000837   Thumb Code     2  heapauxi.o(.text)
    __rt_heap_expand$2region                 0x08000839   Thumb Code     2  heapauxi.o(.text)
    __I$use$semihosting                      0x0800083b   Thumb Code     0  use_no_semi.o(.text)
    __use_no_semihosting_swi                 0x0800083b   Thumb Code     2  use_no_semi.o(.text)
    __aeabi_uldivmod                         0x0800083d   Thumb Code     0  lludivv7m.o(.text)
    _ll_udiv                                 0x0800083d   Thumb Code   238  lludivv7m.o(.text)
    __read_errno                             0x0800092b   Thumb Code    10  _rserrno.o(.text)
    __set_errno                              0x08000935   Thumb Code    12  _rserrno.o(.text)
    _printf_truncate_signed                  0x08000941   Thumb Code    18  _printf_truncate.o(.text)
    _printf_truncate_unsigned                0x08000953   Thumb Code    18  _printf_truncate.o(.text)
    _printf_int_common                       0x08000965   Thumb Code   178  _printf_intcommon.o(.text)
    _printf_charcount                        0x08000a17   Thumb Code    40  _printf_charcount.o(.text)
    __lib_sel_fp_printf                      0x08000a3f   Thumb Code     2  _printf_fp_dec.o(.text)
    _printf_fp_dec_real                      0x08000bed   Thumb Code   620  _printf_fp_dec.o(.text)
    _printf_char_common                      0x08000e63   Thumb Code    32  _printf_char_common.o(.text)
    _sputc                                   0x08000e89   Thumb Code    10  _sputc.o(.text)
    _printf_cs_common                        0x08000e93   Thumb Code    20  _printf_char.o(.text)
    _printf_char                             0x08000ea7   Thumb Code    16  _printf_char.o(.text)
    _printf_string                           0x08000eb7   Thumb Code     8  _printf_char.o(.text)
    _printf_char_file                        0x08000ec1   Thumb Code    32  _printf_char_file.o(.text)
    _printf_wctomb                           0x08000ee5   Thumb Code   182  _printf_wctomb.o(.text)
    _printf_longlong_dec                     0x08000fa1   Thumb Code   108  _printf_longlong_dec.o(.text)
    _printf_longlong_oct                     0x0800101d   Thumb Code    68  _printf_oct_int_ll.o(.text)
    _printf_int_oct                          0x08001061   Thumb Code    24  _printf_oct_int_ll.o(.text)
    _printf_ll_oct                           0x08001079   Thumb Code    12  _printf_oct_int_ll.o(.text)
    __aeabi_memclr                           0x0800108d   Thumb Code     0  rt_memclr.o(.text)
    __rt_memclr                              0x0800108d   Thumb Code    68  rt_memclr.o(.text)
    _memset                                  0x08001091   Thumb Code     0  rt_memclr.o(.text)
    __rt_locale                              0x080010d1   Thumb Code     8  rt_locale_intlibspace.o(.text)
    __aeabi_errno_addr                       0x080010d9   Thumb Code     8  rt_errno_addr_intlibspace.o(.text)
    __errno$intlibspace                      0x080010d9   Thumb Code     0  rt_errno_addr_intlibspace.o(.text)
    __rt_errno_addr$intlibspace              0x080010d9   Thumb Code     0  rt_errno_addr_intlibspace.o(.text)
    _ll_udiv10                               0x080010e1   Thumb Code   138  lludiv10.o(.text)
    _printf_fp_infnan                        0x0800116d   Thumb Code   112  _printf_fp_infnan.o(.text)
    _printf_lcs_common                       0x080011ed   Thumb Code    20  _printf_wchar.o(.text)
    _printf_wchar                            0x08001201   Thumb Code    16  _printf_wchar.o(.text)
    _printf_wstring                          0x08001211   Thumb Code     8  _printf_wchar.o(.text)
    _btod_etento                             0x08001219   Thumb Code   216  bigflt0.o(.text)
    ferror                                   0x080012f5   Thumb Code     8  ferror.o(.text)
    _wcrtomb                                 0x080012fd   Thumb Code    64  _wcrtomb.o(.text)
    __user_libspace                          0x0800133d   Thumb Code     8  libspace.o(.text)
    __user_perproc_libspace                  0x0800133d   Thumb Code     0  libspace.o(.text)
    __user_perthread_libspace                0x0800133d   Thumb Code     0  libspace.o(.text)
    __user_setup_stackheap                   0x08001345   Thumb Code    74  sys_stackheap_outer.o(.text)
    __rt_ctype_table                         0x08001391   Thumb Code    16  rt_ctype_table.o(.text)
    exit                                     0x080013a1   Thumb Code    18  exit.o(.text)
    strcmp                                   0x080013b5   Thumb Code   128  strcmpv7m.o(.text)
    _btod_d2e                                0x08001435   Thumb Code    62  btod.o(CL$$btod_d2e)
    _d2e_denorm_low                          0x08001473   Thumb Code    70  btod.o(CL$$btod_d2e_denorm_low)
    _d2e_norm_op1                            0x080014b9   Thumb Code    96  btod.o(CL$$btod_d2e_norm_op1)
    __btod_div_common                        0x08001519   Thumb Code   696  btod.o(CL$$btod_div_common)
    _e2e                                     0x08001851   Thumb Code   198  btod.o(CL$$btod_e2e)
    _btod_ediv                               0x08001917   Thumb Code    40  btod.o(CL$$btod_ediv)
    _btod_emul                               0x0800193f   Thumb Code    40  btod.o(CL$$btod_emul)
    __btod_mult_common                       0x08001967   Thumb Code   580  btod.o(CL$$btod_mult_common)
    BusFault_Handler                         0x08001bab   Thumb Code     4  stm32f10x_it.o(i.BusFault_Handler)
    DebugMon_Handler                         0x08001baf   Thumb Code     2  stm32f10x_it.o(i.DebugMon_Handler)
    GPIO_Init                                0x08001bb1   Thumb Code   278  stm32f10x_gpio.o(i.GPIO_Init)
    GPIO_ReadInputDataBit                    0x08001cc7   Thumb Code    18  stm32f10x_gpio.o(i.GPIO_ReadInputDataBit)
    GPIO_SetBits                             0x08001cd9   Thumb Code     4  stm32f10x_gpio.o(i.GPIO_SetBits)
    GPS_Analysis                             0x08001cdd   Thumb Code    48  gps.o(i.GPS_Analysis)
    Gps_Msg_Show                             0x08001d0d   Thumb Code   130  main.o(i.Gps_Msg_Show)
    HardFault_Handler                        0x08001dc9   Thumb Code     4  stm32f10x_it.o(i.HardFault_Handler)
    KEY_Init                                 0x08001dcd   Thumb Code    52  key.o(i.KEY_Init)
    KEY_Scan                                 0x08001e09   Thumb Code   188  key.o(i.KEY_Scan)
    LED_Init                                 0x08001ed1   Thumb Code    68  led.o(i.LED_Init)
    MPU_IIC_Ack                              0x08001f1d   Thumb Code    62  mpuiic.o(i.MPU_IIC_Ack)
    MPU_IIC_Delay                            0x08001f69   Thumb Code    10  mpuiic.o(i.MPU_IIC_Delay)
    MPU_IIC_Init                             0x08001f75   Thumb Code    50  mpuiic.o(i.MPU_IIC_Init)
    MPU_IIC_NAck                             0x08001fad   Thumb Code    62  mpuiic.o(i.MPU_IIC_NAck)
    MPU_IIC_Read_Byte                        0x08001ff9   Thumb Code    94  mpuiic.o(i.MPU_IIC_Read_Byte)
    MPU_IIC_Send_Byte                        0x08002065   Thumb Code    80  mpuiic.o(i.MPU_IIC_Send_Byte)
    MPU_IIC_Start                            0x080020c1   Thumb Code    60  mpuiic.o(i.MPU_IIC_Start)
    MPU_IIC_Stop                             0x08002109   Thumb Code    58  mpuiic.o(i.MPU_IIC_Stop)
    MPU_IIC_Wait_Ack                         0x08002151   Thumb Code    86  mpuiic.o(i.MPU_IIC_Wait_Ack)
    MPU_Init                                 0x080021b5   Thumb Code   122  mpu6050.o(i.MPU_Init)
    MPU_Read_Byte                            0x0800222f   Thumb Code    58  mpu6050.o(i.MPU_Read_Byte)
    MPU_Read_Len                             0x08002269   Thumb Code   116  mpu6050.o(i.MPU_Read_Len)
    MPU_Set_Accel_Fsr                        0x080022dd   Thumb Code    16  mpu6050.o(i.MPU_Set_Accel_Fsr)
    MPU_Set_Gyro_Fsr                         0x080022ed   Thumb Code    16  mpu6050.o(i.MPU_Set_Gyro_Fsr)
    MPU_Set_LPF                              0x080022fd   Thumb Code    58  mpu6050.o(i.MPU_Set_LPF)
    MPU_Set_Rate                             0x08002337   Thumb Code    58  mpu6050.o(i.MPU_Set_Rate)
    MPU_Write_Byte                           0x08002371   Thumb Code    68  mpu6050.o(i.MPU_Write_Byte)
    MPU_Write_Len                            0x080023b5   Thumb Code    96  mpu6050.o(i.MPU_Write_Len)
    MemManage_Handler                        0x08002415   Thumb Code     4  stm32f10x_it.o(i.MemManage_Handler)
    NMEA_Comma_Pos                           0x08002419   Thumb Code    50  gps.o(i.NMEA_Comma_Pos)
    NMEA_GPGGA_Analysis                      0x0800244d   Thumb Code    96  gps.o(i.NMEA_GPGGA_Analysis)
    NMEA_GPGSA_Analysis                      0x080024b5   Thumb Code   176  gps.o(i.NMEA_GPGSA_Analysis)
    NMEA_GPGSV_Analysis                      0x0800256d   Thumb Code   290  gps.o(i.NMEA_GPGSV_Analysis)
    NMEA_GPRMC_Analysis                      0x08002699   Thumb Code   532  gps.o(i.NMEA_GPRMC_Analysis)
    NMEA_GPVTG_Analysis                      0x080028b9   Thumb Code    78  gps.o(i.NMEA_GPVTG_Analysis)
    NMEA_Pow                                 0x08002911   Thumb Code    22  gps.o(i.NMEA_Pow)
    NMEA_Str2num                             0x08002927   Thumb Code   234  gps.o(i.NMEA_Str2num)
    NMI_Handler                              0x08002a11   Thumb Code     2  stm32f10x_it.o(i.NMI_Handler)
    NVIC_Init                                0x08002a15   Thumb Code   100  misc.o(i.NVIC_Init)
    NVIC_PriorityGroupConfig                 0x08002a85   Thumb Code    10  misc.o(i.NVIC_PriorityGroupConfig)
    PendSV_Handler                           0x08002a99   Thumb Code     2  stm32f10x_it.o(i.PendSV_Handler)
    RCC_APB1PeriphClockCmd                   0x08002a9d   Thumb Code    26  stm32f10x_rcc.o(i.RCC_APB1PeriphClockCmd)
    RCC_APB1PeriphResetCmd                   0x08002abd   Thumb Code    26  stm32f10x_rcc.o(i.RCC_APB1PeriphResetCmd)
    RCC_APB2PeriphClockCmd                   0x08002add   Thumb Code    26  stm32f10x_rcc.o(i.RCC_APB2PeriphClockCmd)
    RCC_APB2PeriphResetCmd                   0x08002afd   Thumb Code    26  stm32f10x_rcc.o(i.RCC_APB2PeriphResetCmd)
    RCC_GetClocksFreq                        0x08002b1d   Thumb Code   192  stm32f10x_rcc.o(i.RCC_GetClocksFreq)
    SVC_Handler                              0x08002bf1   Thumb Code     2  stm32f10x_it.o(i.SVC_Handler)
    SysTick_CLKSourceConfig                  0x08002cdd   Thumb Code    40  misc.o(i.SysTick_CLKSourceConfig)
    SysTick_Handler                          0x08002d05   Thumb Code     2  stm32f10x_it.o(i.SysTick_Handler)
    SystemInit                               0x08002d09   Thumb Code    78  system_stm32f10x.o(i.SystemInit)
    TIM6_IRQHandler                          0x08002d69   Thumb Code    42  timer2.o(i.TIM6_IRQHandler)
    TIM6_Int_Init                            0x08002d9d   Thumb Code    90  timer2.o(i.TIM6_Int_Init)
    TIM7_IRQHandler                          0x08002dfd   Thumb Code    42  timer3.o(i.TIM7_IRQHandler)
    TIM7_Int_Init                            0x08002e31   Thumb Code    90  timer3.o(i.TIM7_Int_Init)
    TIM_ClearITPendingBit                    0x08002e91   Thumb Code     6  stm32f10x_tim.o(i.TIM_ClearITPendingBit)
    TIM_Cmd                                  0x08002e97   Thumb Code    24  stm32f10x_tim.o(i.TIM_Cmd)
    TIM_GetITStatus                          0x08002eaf   Thumb Code    34  stm32f10x_tim.o(i.TIM_GetITStatus)
    TIM_ITConfig                             0x08002ed1   Thumb Code    18  stm32f10x_tim.o(i.TIM_ITConfig)
    TIM_SetCounter                           0x08002ee3   Thumb Code     4  stm32f10x_tim.o(i.TIM_SetCounter)
    TIM_TimeBaseInit                         0x08002ee9   Thumb Code   122  stm32f10x_tim.o(i.TIM_TimeBaseInit)
    USART1_IRQHandler                        0x08002f8d   Thumb Code   122  usart.o(i.USART1_IRQHandler)
    USART2_IRQHandler                        0x08003015   Thumb Code    94  usart2.o(i.USART2_IRQHandler)
    USART3_IRQHandler                        0x08003085   Thumb Code    94  usart3.o(i.USART3_IRQHandler)
    USART_Cmd                                0x080030f5   Thumb Code    24  stm32f10x_usart.o(i.USART_Cmd)
    USART_DeInit                             0x0800310d   Thumb Code   134  stm32f10x_usart.o(i.USART_DeInit)
    USART_GetFlagStatus                      0x080031a9   Thumb Code    26  stm32f10x_usart.o(i.USART_GetFlagStatus)
    USART_GetITStatus                        0x080031c3   Thumb Code    84  stm32f10x_usart.o(i.USART_GetITStatus)
    USART_ITConfig                           0x08003217   Thumb Code    74  stm32f10x_usart.o(i.USART_ITConfig)
    USART_Init                               0x08003261   Thumb Code   210  stm32f10x_usart.o(i.USART_Init)
    USART_ReceiveData                        0x08003339   Thumb Code    10  stm32f10x_usart.o(i.USART_ReceiveData)
    USART_SendData                           0x08003343   Thumb Code     8  stm32f10x_usart.o(i.USART_SendData)
    Ublox_Cfg_Ack_Check                      0x0800334d   Thumb Code   104  gps.o(i.Ublox_Cfg_Ack_Check)
    Ublox_Cfg_Cfg_Save                       0x080033bd   Thumb Code   100  gps.o(i.Ublox_Cfg_Cfg_Save)
    Ublox_Cfg_Prt                            0x08003425   Thumb Code    94  gps.o(i.Ublox_Cfg_Prt)
    Ublox_Cfg_Rate                           0x08003489   Thumb Code    68  gps.o(i.Ublox_Cfg_Rate)
    Ublox_Cfg_Tp                             0x080034d1   Thumb Code    90  gps.o(i.Ublox_Cfg_Tp)
    Ublox_CheckSum                           0x08003531   Thumb Code    40  gps.o(i.Ublox_CheckSum)
    Ublox_Send_Date                          0x08003559   Thumb Code    42  gps.o(i.Ublox_Send_Date)
    UsageFault_Handler                       0x08003589   Thumb Code     4  stm32f10x_it.o(i.UsageFault_Handler)
    __ARM_fpclassify                         0x0800358d   Thumb Code    40  fpclassify.o(i.__ARM_fpclassify)
    __kernel_poly                            0x080035b5   Thumb Code   170  poly.o(i.__kernel_poly)
    __mathlib_dbl_infnan                     0x0800365f   Thumb Code     6  dunder.o(i.__mathlib_dbl_infnan)
    __mathlib_dbl_infnan2                    0x08003665   Thumb Code     4  dunder.o(i.__mathlib_dbl_infnan2)
    __mathlib_dbl_invalid                    0x08003669   Thumb Code    12  dunder.o(i.__mathlib_dbl_invalid)
    __mathlib_dbl_underflow                  0x08003675   Thumb Code    10  dunder.o(i.__mathlib_dbl_underflow)
    _is_digit                                0x08003685   Thumb Code    14  __printf_wp.o(i._is_digit)
    _sys_exit                                0x08003693   Thumb Code     6  usart.o(i._sys_exit)
    asin                                     0x08003741   Thumb Code   572  asin.o(i.asin)
    atan                                     0x080039b1   Thumb Code   474  atan.o(i.atan)
    atan2                                    0x08003bd1   Thumb Code   346  atan2.o(i.atan2)
    delay_init                               0x08003db5   Thumb Code    50  delay.o(i.delay_init)
    delay_ms                                 0x08003df9   Thumb Code    72  delay.o(i.delay_ms)
    delay_us                                 0x08003e45   Thumb Code    72  delay.o(i.delay_us)
    dmp_enable_6x_lp_quat                    0x08003e91   Thumb Code    60  inv_mpu_dmp_motion_driver.o(i.dmp_enable_6x_lp_quat)
    dmp_enable_feature                       0x08003ecd   Thumb Code   530  inv_mpu_dmp_motion_driver.o(i.dmp_enable_feature)
    dmp_enable_gyro_cal                      0x080040e9   Thumb Code    62  inv_mpu_dmp_motion_driver.o(i.dmp_enable_gyro_cal)
    dmp_enable_lp_quat                       0x08004141   Thumb Code    60  inv_mpu_dmp_motion_driver.o(i.dmp_enable_lp_quat)
    dmp_load_motion_driver_firmware          0x0800417d   Thumb Code    20  inv_mpu_dmp_motion_driver.o(i.dmp_load_motion_driver_firmware)
    dmp_read_fifo                            0x08004195   Thumb Code   456  inv_mpu_dmp_motion_driver.o(i.dmp_read_fifo)
    dmp_set_accel_bias                       0x08004361   Thumb Code   300  inv_mpu_dmp_motion_driver.o(i.dmp_set_accel_bias)
    dmp_set_fifo_rate                        0x08004491   Thumb Code    96  inv_mpu_dmp_motion_driver.o(i.dmp_set_fifo_rate)
    dmp_set_gyro_bias                        0x08004501   Thumb Code   294  inv_mpu_dmp_motion_driver.o(i.dmp_set_gyro_bias)
    dmp_set_orientation                      0x08004631   Thumb Code   290  inv_mpu_dmp_motion_driver.o(i.dmp_set_orientation)
    dmp_set_shake_reject_thresh              0x08004769   Thumb Code    56  inv_mpu_dmp_motion_driver.o(i.dmp_set_shake_reject_thresh)
    dmp_set_shake_reject_time                0x080047a1   Thumb Code    38  inv_mpu_dmp_motion_driver.o(i.dmp_set_shake_reject_time)
    dmp_set_shake_reject_timeout             0x080047c7   Thumb Code    38  inv_mpu_dmp_motion_driver.o(i.dmp_set_shake_reject_timeout)
    dmp_set_tap_axes                         0x080047ed   Thumb Code    70  inv_mpu_dmp_motion_driver.o(i.dmp_set_tap_axes)
    dmp_set_tap_count                        0x08004833   Thumb Code    38  inv_mpu_dmp_motion_driver.o(i.dmp_set_tap_count)
    dmp_set_tap_thresh                       0x08004859   Thumb Code   396  inv_mpu_dmp_motion_driver.o(i.dmp_set_tap_thresh)
    dmp_set_tap_time                         0x080049f9   Thumb Code    38  inv_mpu_dmp_motion_driver.o(i.dmp_set_tap_time)
    dmp_set_tap_time_multi                   0x08004a1f   Thumb Code    38  inv_mpu_dmp_motion_driver.o(i.dmp_set_tap_time_multi)
    fputc                                    0x08004a45   Thumb Code    24  usart.o(i.fputc)
    inv_orientation_matrix_to_scalar         0x08005095   Thumb Code    40  inv_mpu.o(i.inv_orientation_matrix_to_scalar)
    inv_row_2_scale                          0x080050bd   Thumb Code    78  inv_mpu.o(i.inv_row_2_scale)
    main                                     0x0800510d   Thumb Code  1378  main.o(i.main)
    mget_ms                                  0x08005675   Thumb Code     2  inv_mpu.o(i.mget_ms)
    mpu_configure_fifo                       0x08005679   Thumb Code   106  inv_mpu.o(i.mpu_configure_fifo)
    mpu_dmp_get_data                         0x080056e9   Thumb Code   544  inv_mpu.o(i.mpu_dmp_get_data)
    mpu_dmp_init                             0x0800590d   Thumb Code   154  inv_mpu.o(i.mpu_dmp_init)
    mpu_get_accel_fsr                        0x080059ad   Thumb Code    72  inv_mpu.o(i.mpu_get_accel_fsr)
    mpu_get_accel_sens                       0x080059f9   Thumb Code    78  inv_mpu.o(i.mpu_get_accel_sens)
    mpu_get_fifo_config                      0x08005a4d   Thumb Code    12  inv_mpu.o(i.mpu_get_fifo_config)
    mpu_get_gyro_fsr                         0x08005a5d   Thumb Code    64  inv_mpu.o(i.mpu_get_gyro_fsr)
    mpu_get_gyro_sens                        0x08005aa1   Thumb Code    58  inv_mpu.o(i.mpu_get_gyro_sens)
    mpu_get_lpf                              0x08005af1   Thumb Code    74  inv_mpu.o(i.mpu_get_lpf)
    mpu_get_sample_rate                      0x08005b41   Thumb Code    26  inv_mpu.o(i.mpu_get_sample_rate)
    mpu_init                                 0x08005b61   Thumb Code   416  inv_mpu.o(i.mpu_init)
    mpu_load_firmware                        0x08005d51   Thumb Code   180  inv_mpu.o(i.mpu_load_firmware)
    mpu_lp_accel_mode                        0x08005e09   Thumb Code   218  inv_mpu.o(i.mpu_lp_accel_mode)
    mpu_read_fifo_stream                     0x08005ee9   Thumb Code   186  inv_mpu.o(i.mpu_read_fifo_stream)
    mpu_read_mem                             0x08005fa9   Thumb Code   122  inv_mpu.o(i.mpu_read_mem)
    mpu_reset_fifo                           0x08006029   Thumb Code   450  inv_mpu.o(i.mpu_reset_fifo)
    mpu_run_self_test                        0x080061f1   Thumb Code   278  inv_mpu.o(i.mpu_run_self_test)
    mpu_set_accel_fsr                        0x0800630d   Thumb Code   126  inv_mpu.o(i.mpu_set_accel_fsr)
    mpu_set_bypass                           0x08006391   Thumb Code   328  inv_mpu.o(i.mpu_set_bypass)
    mpu_set_dmp_state                        0x080064dd   Thumb Code   138  inv_mpu.o(i.mpu_set_dmp_state)
    mpu_set_gyro_fsr                         0x0800656d   Thumb Code   132  inv_mpu.o(i.mpu_set_gyro_fsr)
    mpu_set_int_latched                      0x080065f5   Thumb Code   102  inv_mpu.o(i.mpu_set_int_latched)
    mpu_set_lpf                              0x08006661   Thumb Code   126  inv_mpu.o(i.mpu_set_lpf)
    mpu_set_sample_rate                      0x080066e5   Thumb Code   152  inv_mpu.o(i.mpu_set_sample_rate)
    mpu_set_sensors                          0x08006781   Thumb Code   202  inv_mpu.o(i.mpu_set_sensors)
    mpu_write_mem                            0x08006851   Thumb Code   122  inv_mpu.o(i.mpu_write_mem)
    run_self_test                            0x080068d1   Thumb Code   148  inv_mpu.o(i.run_self_test)
    sim900a_check_cmd                        0x080069f5   Thumb Code    44  sim900a.o(i.sim900a_check_cmd)
    sim900a_gprs_test                        0x08006a29   Thumb Code   138  sim900a.o(i.sim900a_gprs_test)
    sim900a_send_cmd                         0x08006b7d   Thumb Code   110  sim900a.o(i.sim900a_send_cmd)
    sim900a_tcpudp_test                      0x08006bfd   Thumb Code   532  sim900a.o(i.sim900a_tcpudp_test)
    sqrt                                     0x08006f75   Thumb Code    76  sqrt.o(i.sqrt)
    u3_printf                                0x08006fc1   Thumb Code    72  usart3.o(i.u3_printf)
    uart_init                                0x08007011   Thumb Code   152  usart.o(i.uart_init)
    usart2_init                              0x080070b1   Thumb Code   186  usart2.o(i.usart2_init)
    usart3_init                              0x0800717d   Thumb Code   190  usart3.o(i.usart3_init)
    _get_lc_numeric                          0x0800724d   Thumb Code    44  lc_numeric_c.o(locale$$code)
    _get_lc_ctype                            0x08007279   Thumb Code    44  lc_ctype_c.o(locale$$code)
    __aeabi_d2f                              0x080072a5   Thumb Code     0  d2f.o(x$fpl$d2f)
    _d2f                                     0x080072a5   Thumb Code    98  d2f.o(x$fpl$d2f)
    __aeabi_dadd                             0x08007309   Thumb Code     0  daddsub_clz.o(x$fpl$dadd)
    _dadd                                    0x08007309   Thumb Code   332  daddsub_clz.o(x$fpl$dadd)
    __fpl_dcheck_NaN1                        0x08007459   Thumb Code    10  dcheck1.o(x$fpl$dcheck1)
    __aeabi_ddiv                             0x08007469   Thumb Code     0  ddiv.o(x$fpl$ddiv)
    _ddiv                                    0x08007469   Thumb Code   552  ddiv.o(x$fpl$ddiv)
    __aeabi_dmul                             0x08007719   Thumb Code     0  dmul.o(x$fpl$dmul)
    _dmul                                    0x08007719   Thumb Code   332  dmul.o(x$fpl$dmul)
    __fpl_dnaninf                            0x0800786d   Thumb Code   156  dnaninf.o(x$fpl$dnaninf)
    __fpl_dretinf                            0x08007909   Thumb Code    12  dretinf.o(x$fpl$dretinf)
    __aeabi_drsub                            0x08007915   Thumb Code     0  daddsub_clz.o(x$fpl$drsb)
    _drsb                                    0x08007915   Thumb Code    22  daddsub_clz.o(x$fpl$drsb)
    _dsqrt                                   0x0800792d   Thumb Code   456  dsqrt_noumaal.o(x$fpl$dsqrt)
    __aeabi_dsub                             0x08007af9   Thumb Code     0  daddsub_clz.o(x$fpl$dsub)
    _dsub                                    0x08007af9   Thumb Code   464  daddsub_clz.o(x$fpl$dsub)
    __aeabi_f2d                              0x08007ccd   Thumb Code     0  f2d.o(x$fpl$f2d)
    _f2d                                     0x08007ccd   Thumb Code    86  f2d.o(x$fpl$f2d)
    __aeabi_fadd                             0x08007d25   Thumb Code     0  faddsub_clz.o(x$fpl$fadd)
    _fadd                                    0x08007d25   Thumb Code   196  faddsub_clz.o(x$fpl$fadd)
    __fpl_fcmp_Inf                           0x08007de9   Thumb Code    24  fcmpi.o(x$fpl$fcmpinf)
    __aeabi_fdiv                             0x08007e01   Thumb Code     0  fdiv.o(x$fpl$fdiv)
    _fdiv                                    0x08007e01   Thumb Code   384  fdiv.o(x$fpl$fdiv)
    __aeabi_cfcmpeq                          0x08007f85   Thumb Code     0  feqf.o(x$fpl$feqf)
    _fcmpeq                                  0x08007f85   Thumb Code   104  feqf.o(x$fpl$feqf)
    __aeabi_f2iz                             0x08007fed   Thumb Code     0  ffix.o(x$fpl$ffix)
    _ffix                                    0x08007fed   Thumb Code    54  ffix.o(x$fpl$ffix)
    __aeabi_f2uiz                            0x08008025   Thumb Code     0  ffixu.o(x$fpl$ffixu)
    _ffixu                                   0x08008025   Thumb Code    62  ffixu.o(x$fpl$ffixu)
    __aeabi_i2f                              0x08008065   Thumb Code     0  fflt_clz.o(x$fpl$fflt)
    _fflt                                    0x08008065   Thumb Code    48  fflt_clz.o(x$fpl$fflt)
    __aeabi_ui2f                             0x08008095   Thumb Code     0  fflt_clz.o(x$fpl$ffltu)
    _ffltu                                   0x08008095   Thumb Code    38  fflt_clz.o(x$fpl$ffltu)
    __aeabi_cfcmple                          0x080080bd   Thumb Code     0  fleqf.o(x$fpl$fleqf)
    _fcmple                                  0x080080bd   Thumb Code   104  fleqf.o(x$fpl$fleqf)
    __fpl_fcmple_InfNaN                      0x0800810f   Thumb Code     0  fleqf.o(x$fpl$fleqf)
    __aeabi_fmul                             0x08008125   Thumb Code     0  fmul.o(x$fpl$fmul)
    _fmul                                    0x08008125   Thumb Code   258  fmul.o(x$fpl$fmul)
    __fpl_fnaninf                            0x08008227   Thumb Code   140  fnaninf.o(x$fpl$fnaninf)
    __fpl_fretinf                            0x080082b3   Thumb Code    10  fretinf.o(x$fpl$fretinf)
    __aeabi_cfrcmple                         0x080082bd   Thumb Code     0  frleqf.o(x$fpl$frleqf)
    _frcmple                                 0x080082bd   Thumb Code    98  frleqf.o(x$fpl$frleqf)
    __aeabi_fsub                             0x08008321   Thumb Code     0  faddsub_clz.o(x$fpl$fsub)
    _fsub                                    0x08008321   Thumb Code   234  faddsub_clz.o(x$fpl$fsub)
    _printf_fp_dec                           0x0800840b   Thumb Code     4  printf1.o(x$fpl$printf1)
    __fpl_return_NaN                         0x0800840f   Thumb Code   100  retnan.o(x$fpl$retnan)
    __ARM_scalbn                             0x08008473   Thumb Code    92  scalbn.o(x$fpl$scalbn)
    __fpl_cmpreturn                          0x080084cf   Thumb Code    48  trapv.o(x$fpl$trapveneer)
    __I$use$fp                               0x080084fe   Number         0  usenofp.o(x$fpl$usenofp)
    reg                                      0x08008500   Data          27  inv_mpu.o(.constdata)
    hw                                       0x0800851c   Data          12  inv_mpu.o(.constdata)
    test                                     0x08008528   Data          40  inv_mpu.o(.constdata)
    __mathlib_zero                           0x08009270   Data           8  qnan.o(.constdata)
    Region$$Table$$Base                      0x080093a8   Number         0  anon$$obj.o(Region$$Table)
    Region$$Table$$Limit                     0x080093c8   Number         0  anon$$obj.o(Region$$Table)
    __ctype                                  0x080093f1   Data           0  lc_ctype_c.o(locale$$data)
    __stdout                                 0x20000054   Data           4  usart.o(.data)
    USART_RX_STA                             0x20000058   Data           2  usart.o(.data)
    USART2_RX_STA                            0x2000005c   Data           2  usart2.o(.data)
    USART3_RX_STA                            0x2000005e   Data           2  usart3.o(.data)
    SystemCoreClock                          0x20000074   Data           4  system_stm32f10x.o(.data)
    AHBPrescTable                            0x20000078   Data          16  system_stm32f10x.o(.data)
    USART1_TX_BUF                            0x20000088   Data         600  main.o(.bss)
    gpsx                                     0x200002e0   Data         105  main.o(.bss)
    lon_str_end                              0x20000349   Data          15  main.o(.bss)
    lat_str_end                              0x20000358   Data          15  main.o(.bss)
    USART_RX_BUF                             0x20000378   Data         200  usart.o(.bss)
    USART2_RX_BUF                            0x20000440   Data         600  usart2.o(.bss)
    USART2_TX_BUF                            0x20000698   Data         600  usart2.o(.bss)
    USART3_RX_BUF                            0x200008f0   Data         600  usart3.o(.bss)
    USART3_TX_BUF                            0x20000b48   Data         600  usart3.o(.bss)
    __libspace_start                         0x20000da0   Data          96  libspace.o(.bss)
    __temporary_stack_top$libspace           0x20000e00   Data           0  libspace.o(.bss)



==============================================================================

Memory Map of the image

  Image Entry point : 0x08000131

  Load Region LR_IROM1 (Base: 0x08000000, Size: 0x0000957c, Max: 0x00080000, ABSOLUTE)

    Execution Region ER_IROM1 (Base: 0x08000000, Size: 0x000094f4, Max: 0x00080000, ABSOLUTE)

    Base Addr    Size         Type   Attr      Idx    E Section Name        Object

    0x08000000   0x00000130   Data   RO         2693    RESET               startup_stm32f10x_hd.o
    0x08000130   0x00000008   Code   RO         2830  * !!!main             c_w.l(__main.o)
    0x08000138   0x00000034   Code   RO         3248    !!!scatter          c_w.l(__scatter.o)
    0x0800016c   0x0000001a   Code   RO         3250    !!handler_copy      c_w.l(__scatter_copy.o)
    0x08000186   0x00000002   PAD
    0x08000188   0x0000001c   Code   RO         3252    !!handler_zi        c_w.l(__scatter_zi.o)
    0x080001a4   0x00000000   Code   RO         2813    .ARM.Collect$$_printf_percent$$00000000  c_w.l(_printf_percent.o)
    0x080001a4   0x00000006   Code   RO         2945    .ARM.Collect$$_printf_percent$$00000001  c_w.l(_printf_n.o)
    0x080001aa   0x00000006   Code   RO         2946    .ARM.Collect$$_printf_percent$$00000002  c_w.l(_printf_p.o)
    0x080001b0   0x00000006   Code   RO         2812    .ARM.Collect$$_printf_percent$$00000003  c_w.l(_printf_f.o)
    0x080001b6   0x00000006   Code   RO         2950    .ARM.Collect$$_printf_percent$$00000004  c_w.l(_printf_e.o)
    0x080001bc   0x00000006   Code   RO         2951    .ARM.Collect$$_printf_percent$$00000005  c_w.l(_printf_g.o)
    0x080001c2   0x00000006   Code   RO         2952    .ARM.Collect$$_printf_percent$$00000006  c_w.l(_printf_a.o)
    0x080001c8   0x0000000a   Code   RO         2957    .ARM.Collect$$_printf_percent$$00000007  c_w.l(_printf_ll.o)
    0x080001d2   0x00000006   Code   RO         2948    .ARM.Collect$$_printf_percent$$00000008  c_w.l(_printf_i.o)
    0x080001d8   0x00000006   Code   RO         2811    .ARM.Collect$$_printf_percent$$00000009  c_w.l(_printf_d.o)
    0x080001de   0x00000006   Code   RO         2949    .ARM.Collect$$_printf_percent$$0000000A  c_w.l(_printf_u.o)
    0x080001e4   0x00000006   Code   RO         2947    .ARM.Collect$$_printf_percent$$0000000B  c_w.l(_printf_o.o)
    0x080001ea   0x00000006   Code   RO         2810    .ARM.Collect$$_printf_percent$$0000000C  c_w.l(_printf_x.o)
    0x080001f0   0x00000006   Code   RO         2954    .ARM.Collect$$_printf_percent$$0000000D  c_w.l(_printf_lli.o)
    0x080001f6   0x00000006   Code   RO         2955    .ARM.Collect$$_printf_percent$$0000000E  c_w.l(_printf_lld.o)
    0x080001fc   0x00000006   Code   RO         2956    .ARM.Collect$$_printf_percent$$0000000F  c_w.l(_printf_llu.o)
    0x08000202   0x00000006   Code   RO         2961    .ARM.Collect$$_printf_percent$$00000010  c_w.l(_printf_llo.o)
    0x08000208   0x00000006   Code   RO         2962    .ARM.Collect$$_printf_percent$$00000011  c_w.l(_printf_llx.o)
    0x0800020e   0x0000000a   Code   RO         2958    .ARM.Collect$$_printf_percent$$00000012  c_w.l(_printf_l.o)
    0x08000218   0x00000006   Code   RO         2944    .ARM.Collect$$_printf_percent$$00000013  c_w.l(_printf_c.o)
    0x0800021e   0x00000006   Code   RO         2809    .ARM.Collect$$_printf_percent$$00000014  c_w.l(_printf_s.o)
    0x08000224   0x00000006   Code   RO         2959    .ARM.Collect$$_printf_percent$$00000015  c_w.l(_printf_lc.o)
    0x0800022a   0x00000006   Code   RO         2960    .ARM.Collect$$_printf_percent$$00000016  c_w.l(_printf_ls.o)
    0x08000230   0x00000004   Code   RO         2953    .ARM.Collect$$_printf_percent$$00000017  c_w.l(_printf_percent_end.o)
    0x08000234   0x00000002   Code   RO         3112    .ARM.Collect$$libinit$$00000000  c_w.l(libinit.o)
    0x08000236   0x00000000   Code   RO         3114    .ARM.Collect$$libinit$$00000002  c_w.l(libinit2.o)
    0x08000236   0x00000000   Code   RO         3116    .ARM.Collect$$libinit$$00000004  c_w.l(libinit2.o)
    0x08000236   0x00000000   Code   RO         3119    .ARM.Collect$$libinit$$0000000A  c_w.l(libinit2.o)
    0x08000236   0x00000000   Code   RO         3121    .ARM.Collect$$libinit$$0000000C  c_w.l(libinit2.o)
    0x08000236   0x00000000   Code   RO         3123    .ARM.Collect$$libinit$$0000000E  c_w.l(libinit2.o)
    0x08000236   0x00000006   Code   RO         3124    .ARM.Collect$$libinit$$0000000F  c_w.l(libinit2.o)
    0x0800023c   0x00000000   Code   RO         3126    .ARM.Collect$$libinit$$00000011  c_w.l(libinit2.o)
    0x0800023c   0x0000000c   Code   RO         3127    .ARM.Collect$$libinit$$00000012  c_w.l(libinit2.o)
    0x08000248   0x00000000   Code   RO         3128    .ARM.Collect$$libinit$$00000013  c_w.l(libinit2.o)
    0x08000248   0x00000000   Code   RO         3130    .ARM.Collect$$libinit$$00000015  c_w.l(libinit2.o)
    0x08000248   0x0000000a   Code   RO         3131    .ARM.Collect$$libinit$$00000016  c_w.l(libinit2.o)
    0x08000252   0x00000000   Code   RO         3132    .ARM.Collect$$libinit$$00000017  c_w.l(libinit2.o)
    0x08000252   0x00000000   Code   RO         3134    .ARM.Collect$$libinit$$00000019  c_w.l(libinit2.o)
    0x08000252   0x00000000   Code   RO         3136    .ARM.Collect$$libinit$$0000001B  c_w.l(libinit2.o)
    0x08000252   0x00000000   Code   RO         3138    .ARM.Collect$$libinit$$0000001D  c_w.l(libinit2.o)
    0x08000252   0x00000000   Code   RO         3140    .ARM.Collect$$libinit$$0000001F  c_w.l(libinit2.o)
    0x08000252   0x00000000   Code   RO         3142    .ARM.Collect$$libinit$$00000021  c_w.l(libinit2.o)
    0x08000252   0x00000000   Code   RO         3144    .ARM.Collect$$libinit$$00000023  c_w.l(libinit2.o)
    0x08000252   0x00000000   Code   RO         3146    .ARM.Collect$$libinit$$00000025  c_w.l(libinit2.o)
    0x08000252   0x00000000   Code   RO         3150    .ARM.Collect$$libinit$$0000002C  c_w.l(libinit2.o)
    0x08000252   0x00000000   Code   RO         3152    .ARM.Collect$$libinit$$0000002E  c_w.l(libinit2.o)
    0x08000252   0x00000000   Code   RO         3154    .ARM.Collect$$libinit$$00000030  c_w.l(libinit2.o)
    0x08000252   0x00000000   Code   RO         3156    .ARM.Collect$$libinit$$00000032  c_w.l(libinit2.o)
    0x08000252   0x00000002   Code   RO         3157    .ARM.Collect$$libinit$$00000033  c_w.l(libinit2.o)
    0x08000254   0x00000002   Code   RO         3208    .ARM.Collect$$libshutdown$$00000000  c_w.l(libshutdown.o)
    0x08000256   0x00000000   Code   RO         3217    .ARM.Collect$$libshutdown$$00000002  c_w.l(libshutdown2.o)
    0x08000256   0x00000000   Code   RO         3219    .ARM.Collect$$libshutdown$$00000004  c_w.l(libshutdown2.o)
    0x08000256   0x00000000   Code   RO         3222    .ARM.Collect$$libshutdown$$00000007  c_w.l(libshutdown2.o)
    0x08000256   0x00000000   Code   RO         3225    .ARM.Collect$$libshutdown$$0000000A  c_w.l(libshutdown2.o)
    0x08000256   0x00000000   Code   RO         3227    .ARM.Collect$$libshutdown$$0000000C  c_w.l(libshutdown2.o)
    0x08000256   0x00000000   Code   RO         3230    .ARM.Collect$$libshutdown$$0000000F  c_w.l(libshutdown2.o)
    0x08000256   0x00000002   Code   RO         3231    .ARM.Collect$$libshutdown$$00000010  c_w.l(libshutdown2.o)
    0x08000258   0x00000000   Code   RO         2912    .ARM.Collect$$rtentry$$00000000  c_w.l(__rtentry.o)
    0x08000258   0x00000000   Code   RO         3016    .ARM.Collect$$rtentry$$00000002  c_w.l(__rtentry2.o)
    0x08000258   0x00000006   Code   RO         3028    .ARM.Collect$$rtentry$$00000004  c_w.l(__rtentry4.o)
    0x0800025e   0x00000000   Code   RO         3018    .ARM.Collect$$rtentry$$00000009  c_w.l(__rtentry2.o)
    0x0800025e   0x00000004   Code   RO         3019    .ARM.Collect$$rtentry$$0000000A  c_w.l(__rtentry2.o)
    0x08000262   0x00000000   Code   RO         3021    .ARM.Collect$$rtentry$$0000000C  c_w.l(__rtentry2.o)
    0x08000262   0x00000008   Code   RO         3022    .ARM.Collect$$rtentry$$0000000D  c_w.l(__rtentry2.o)
    0x0800026a   0x00000002   Code   RO         3162    .ARM.Collect$$rtexit$$00000000  c_w.l(rtexit.o)
    0x0800026c   0x00000000   Code   RO         3178    .ARM.Collect$$rtexit$$00000002  c_w.l(rtexit2.o)
    0x0800026c   0x00000004   Code   RO         3179    .ARM.Collect$$rtexit$$00000003  c_w.l(rtexit2.o)
    0x08000270   0x00000006   Code   RO         3180    .ARM.Collect$$rtexit$$00000004  c_w.l(rtexit2.o)
    0x08000276   0x00000002   PAD
    0x08000278   0x00000040   Code   RO         2694    .text               startup_stm32f10x_hd.o
    0x080002b8   0x00000002   Code   RO         2746    .text               c_w.l(use_no_semi_2.o)
    0x080002ba   0x00000048   Code   RO         2748    .text               c_w.l(llsdiv.o)
    0x08000302   0x00000002   PAD
    0x08000304   0x00000024   Code   RO         2750    .text               c_w.l(c89vsprintf.o)
    0x08000328   0x00000018   Code   RO         2752    .text               c_w.l(__2printf.o)
    0x08000340   0x0000002c   Code   RO         2754    .text               c_w.l(__2sprintf.o)
    0x0800036c   0x0000004e   Code   RO         2762    .text               c_w.l(_printf_pad.o)
    0x080003ba   0x00000052   Code   RO         2764    .text               c_w.l(_printf_str.o)
    0x0800040c   0x00000078   Code   RO         2766    .text               c_w.l(_printf_dec.o)
    0x08000484   0x00000094   Code   RO         2786    .text               c_w.l(_printf_hex_int_ll_ptr.o)
    0x08000518   0x00000188   Code   RO         2806    .text               c_w.l(__printf_flags_ss_wp.o)
    0x080006a0   0x00000024   Code   RO         2814    .text               c_w.l(strstr.o)
    0x080006c4   0x00000058   Code   RO         2816    .text               c_w.l(memcmp.o)
    0x0800071c   0x0000003e   Code   RO         2818    .text               c_w.l(strlen.o)
    0x0800075a   0x00000018   Code   RO         2820    .text               c_w.l(strcat.o)
    0x08000772   0x00000064   Code   RO         2822    .text               c_w.l(rt_memcpy_w.o)
    0x080007d6   0x00000010   Code   RO         2824    .text               c_w.l(aeabi_memset.o)
    0x080007e6   0x0000004e   Code   RO         2826    .text               c_w.l(rt_memclr_w.o)
    0x08000834   0x00000006   Code   RO         2828    .text               c_w.l(heapauxi.o)
    0x0800083a   0x00000002   Code   RO         2910    .text               c_w.l(use_no_semi.o)
    0x0800083c   0x000000ee   Code   RO         2913    .text               c_w.l(lludivv7m.o)
    0x0800092a   0x00000016   Code   RO         2915    .text               c_w.l(_rserrno.o)
    0x08000940   0x00000024   Code   RO         2917    .text               c_w.l(_printf_truncate.o)
    0x08000964   0x000000b2   Code   RO         2919    .text               c_w.l(_printf_intcommon.o)
    0x08000a16   0x00000028   Code   RO         2921    .text               c_w.l(_printf_charcount.o)
    0x08000a3e   0x0000041a   Code   RO         2923    .text               c_w.l(_printf_fp_dec.o)
    0x08000e58   0x00000030   Code   RO         2925    .text               c_w.l(_printf_char_common.o)
    0x08000e88   0x0000000a   Code   RO         2927    .text               c_w.l(_sputc.o)
    0x08000e92   0x0000002c   Code   RO         2929    .text               c_w.l(_printf_char.o)
    0x08000ebe   0x00000002   PAD
    0x08000ec0   0x00000024   Code   RO         2931    .text               c_w.l(_printf_char_file.o)
    0x08000ee4   0x000000bc   Code   RO         2933    .text               c_w.l(_printf_wctomb.o)
    0x08000fa0   0x0000007c   Code   RO         2936    .text               c_w.l(_printf_longlong_dec.o)
    0x0800101c   0x00000070   Code   RO         2942    .text               c_w.l(_printf_oct_int_ll.o)
    0x0800108c   0x00000044   Code   RO         2963    .text               c_w.l(rt_memclr.o)
    0x080010d0   0x00000008   Code   RO         3037    .text               c_w.l(rt_locale_intlibspace.o)
    0x080010d8   0x00000008   Code   RO         3042    .text               c_w.l(rt_errno_addr_intlibspace.o)
    0x080010e0   0x0000008a   Code   RO         3044    .text               c_w.l(lludiv10.o)
    0x0800116a   0x00000002   PAD
    0x0800116c   0x00000080   Code   RO         3046    .text               c_w.l(_printf_fp_infnan.o)
    0x080011ec   0x0000002c   Code   RO         3050    .text               c_w.l(_printf_wchar.o)
    0x08001218   0x000000dc   Code   RO         3052    .text               c_w.l(bigflt0.o)
    0x080012f4   0x00000008   Code   RO         3077    .text               c_w.l(ferror.o)
    0x080012fc   0x00000040   Code   RO         3081    .text               c_w.l(_wcrtomb.o)
    0x0800133c   0x00000008   Code   RO         3094    .text               c_w.l(libspace.o)
    0x08001344   0x0000004a   Code   RO         3097    .text               c_w.l(sys_stackheap_outer.o)
    0x0800138e   0x00000002   PAD
    0x08001390   0x00000010   Code   RO         3099    .text               c_w.l(rt_ctype_table.o)
    0x080013a0   0x00000012   Code   RO         3103    .text               c_w.l(exit.o)
    0x080013b2   0x00000002   PAD
    0x080013b4   0x00000080   Code   RO         3105    .text               c_w.l(strcmpv7m.o)
    0x08001434   0x0000003e   Code   RO         3055    CL$$btod_d2e        c_w.l(btod.o)
    0x08001472   0x00000046   Code   RO         3057    CL$$btod_d2e_denorm_low  c_w.l(btod.o)
    0x080014b8   0x00000060   Code   RO         3056    CL$$btod_d2e_norm_op1  c_w.l(btod.o)
    0x08001518   0x00000338   Code   RO         3065    CL$$btod_div_common  c_w.l(btod.o)
    0x08001850   0x000000c6   Code   RO         3062    CL$$btod_e2e        c_w.l(btod.o)
    0x08001916   0x00000028   Code   RO         3059    CL$$btod_ediv       c_w.l(btod.o)
    0x0800193e   0x00000028   Code   RO         3058    CL$$btod_emul       c_w.l(btod.o)
    0x08001966   0x00000244   Code   RO         3064    CL$$btod_mult_common  c_w.l(btod.o)
    0x08001baa   0x00000004   Code   RO          181    i.BusFault_Handler  stm32f10x_it.o
    0x08001bae   0x00000002   Code   RO          182    i.DebugMon_Handler  stm32f10x_it.o
    0x08001bb0   0x00000116   Code   RO         1610    i.GPIO_Init         stm32f10x_gpio.o
    0x08001cc6   0x00000012   Code   RO         1614    i.GPIO_ReadInputDataBit  stm32f10x_gpio.o
    0x08001cd8   0x00000004   Code   RO         1618    i.GPIO_SetBits      stm32f10x_gpio.o
    0x08001cdc   0x00000030   Code   RO         1016    i.GPS_Analysis      gps.o
    0x08001d0c   0x000000bc   Code   RO            4    i.Gps_Msg_Show      main.o
    0x08001dc8   0x00000004   Code   RO          183    i.HardFault_Handler  stm32f10x_it.o
    0x08001dcc   0x0000003c   Code   RO         1274    i.KEY_Init          key.o
    0x08001e08   0x000000c8   Code   RO         1275    i.KEY_Scan          key.o
    0x08001ed0   0x0000004c   Code   RO         1305    i.LED_Init          led.o
    0x08001f1c   0x0000004c   Code   RO          406    i.MPU_IIC_Ack       mpuiic.o
    0x08001f68   0x0000000a   Code   RO          407    i.MPU_IIC_Delay     mpuiic.o
    0x08001f72   0x00000002   PAD
    0x08001f74   0x00000038   Code   RO          408    i.MPU_IIC_Init      mpuiic.o
    0x08001fac   0x0000004c   Code   RO          409    i.MPU_IIC_NAck      mpuiic.o
    0x08001ff8   0x0000006c   Code   RO          410    i.MPU_IIC_Read_Byte  mpuiic.o
    0x08002064   0x0000005c   Code   RO          411    i.MPU_IIC_Send_Byte  mpuiic.o
    0x080020c0   0x00000048   Code   RO          412    i.MPU_IIC_Start     mpuiic.o
    0x08002108   0x00000048   Code   RO          413    i.MPU_IIC_Stop      mpuiic.o
    0x08002150   0x00000064   Code   RO          414    i.MPU_IIC_Wait_Ack  mpuiic.o
    0x080021b4   0x0000007a   Code   RO          319    i.MPU_Init          mpu6050.o
    0x0800222e   0x0000003a   Code   RO          320    i.MPU_Read_Byte     mpu6050.o
    0x08002268   0x00000074   Code   RO          321    i.MPU_Read_Len      mpu6050.o
    0x080022dc   0x00000010   Code   RO          322    i.MPU_Set_Accel_Fsr  mpu6050.o
    0x080022ec   0x00000010   Code   RO          323    i.MPU_Set_Gyro_Fsr  mpu6050.o
    0x080022fc   0x0000003a   Code   RO          324    i.MPU_Set_LPF       mpu6050.o
    0x08002336   0x0000003a   Code   RO          325    i.MPU_Set_Rate      mpu6050.o
    0x08002370   0x00000044   Code   RO          326    i.MPU_Write_Byte    mpu6050.o
    0x080023b4   0x00000060   Code   RO          327    i.MPU_Write_Len     mpu6050.o
    0x08002414   0x00000004   Code   RO          184    i.MemManage_Handler  stm32f10x_it.o
    0x08002418   0x00000032   Code   RO         1017    i.NMEA_Comma_Pos    gps.o
    0x0800244a   0x00000002   PAD
    0x0800244c   0x00000068   Code   RO         1018    i.NMEA_GPGGA_Analysis  gps.o
    0x080024b4   0x000000b8   Code   RO         1019    i.NMEA_GPGSA_Analysis  gps.o
    0x0800256c   0x0000012c   Code   RO         1020    i.NMEA_GPGSV_Analysis  gps.o
    0x08002698   0x00000220   Code   RO         1021    i.NMEA_GPRMC_Analysis  gps.o
    0x080028b8   0x00000058   Code   RO         1022    i.NMEA_GPVTG_Analysis  gps.o
    0x08002910   0x00000016   Code   RO         1023    i.NMEA_Pow          gps.o
    0x08002926   0x000000ea   Code   RO         1024    i.NMEA_Str2num      gps.o
    0x08002a10   0x00000002   Code   RO          185    i.NMI_Handler       stm32f10x_it.o
    0x08002a12   0x00000002   PAD
    0x08002a14   0x00000070   Code   RO         1490    i.NVIC_Init         misc.o
    0x08002a84   0x00000014   Code   RO         1491    i.NVIC_PriorityGroupConfig  misc.o
    0x08002a98   0x00000002   Code   RO          186    i.PendSV_Handler    stm32f10x_it.o
    0x08002a9a   0x00000002   PAD
    0x08002a9c   0x00000020   Code   RO         1732    i.RCC_APB1PeriphClockCmd  stm32f10x_rcc.o
    0x08002abc   0x00000020   Code   RO         1733    i.RCC_APB1PeriphResetCmd  stm32f10x_rcc.o
    0x08002adc   0x00000020   Code   RO         1734    i.RCC_APB2PeriphClockCmd  stm32f10x_rcc.o
    0x08002afc   0x00000020   Code   RO         1735    i.RCC_APB2PeriphResetCmd  stm32f10x_rcc.o
    0x08002b1c   0x000000d4   Code   RO         1742    i.RCC_GetClocksFreq  stm32f10x_rcc.o
    0x08002bf0   0x00000002   Code   RO          187    i.SVC_Handler       stm32f10x_it.o
    0x08002bf2   0x00000008   Code   RO         2701    i.SetSysClock       system_stm32f10x.o
    0x08002bfa   0x00000002   PAD
    0x08002bfc   0x000000e0   Code   RO         2702    i.SetSysClockTo72   system_stm32f10x.o
    0x08002cdc   0x00000028   Code   RO         1494    i.SysTick_CLKSourceConfig  misc.o
    0x08002d04   0x00000002   Code   RO          188    i.SysTick_Handler   stm32f10x_it.o
    0x08002d06   0x00000002   PAD
    0x08002d08   0x00000060   Code   RO         2704    i.SystemInit        system_stm32f10x.o
    0x08002d68   0x00000034   Code   RO         1329    i.TIM6_IRQHandler   timer2.o
    0x08002d9c   0x00000060   Code   RO         1330    i.TIM6_Int_Init     timer2.o
    0x08002dfc   0x00000034   Code   RO         1363    i.TIM7_IRQHandler   timer3.o
    0x08002e30   0x00000060   Code   RO         1364    i.TIM7_Int_Init     timer3.o
    0x08002e90   0x00000006   Code   RO         1953    i.TIM_ClearITPendingBit  stm32f10x_tim.o
    0x08002e96   0x00000018   Code   RO         1958    i.TIM_Cmd           stm32f10x_tim.o
    0x08002eae   0x00000022   Code   RO         1979    i.TIM_GetITStatus   stm32f10x_tim.o
    0x08002ed0   0x00000012   Code   RO         1983    i.TIM_ITConfig      stm32f10x_tim.o
    0x08002ee2   0x00000004   Code   RO         2023    i.TIM_SetCounter    stm32f10x_tim.o
    0x08002ee6   0x00000002   PAD
    0x08002ee8   0x000000a4   Code   RO         2029    i.TIM_TimeBaseInit  stm32f10x_tim.o
    0x08002f8c   0x00000088   Code   RO         1221    i.USART1_IRQHandler  usart.o
    0x08003014   0x00000070   Code   RO         1397    i.USART2_IRQHandler  usart2.o
    0x08003084   0x00000070   Code   RO         1447    i.USART3_IRQHandler  usart3.o
    0x080030f4   0x00000018   Code   RO         2506    i.USART_Cmd         stm32f10x_usart.o
    0x0800310c   0x0000009c   Code   RO         2508    i.USART_DeInit      stm32f10x_usart.o
    0x080031a8   0x0000001a   Code   RO         2509    i.USART_GetFlagStatus  stm32f10x_usart.o
    0x080031c2   0x00000054   Code   RO         2510    i.USART_GetITStatus  stm32f10x_usart.o
    0x08003216   0x0000004a   Code   RO         2512    i.USART_ITConfig    stm32f10x_usart.o
    0x08003260   0x000000d8   Code   RO         2513    i.USART_Init        stm32f10x_usart.o
    0x08003338   0x0000000a   Code   RO         2520    i.USART_ReceiveData  stm32f10x_usart.o
    0x08003342   0x00000008   Code   RO         2523    i.USART_SendData    stm32f10x_usart.o
    0x0800334a   0x00000002   PAD
    0x0800334c   0x00000070   Code   RO         1025    i.Ublox_Cfg_Ack_Check  gps.o
    0x080033bc   0x00000068   Code   RO         1026    i.Ublox_Cfg_Cfg_Save  gps.o
    0x08003424   0x00000064   Code   RO         1028    i.Ublox_Cfg_Prt     gps.o
    0x08003488   0x00000048   Code   RO         1029    i.Ublox_Cfg_Rate    gps.o
    0x080034d0   0x00000060   Code   RO         1030    i.Ublox_Cfg_Tp      gps.o
    0x08003530   0x00000028   Code   RO         1031    i.Ublox_CheckSum    gps.o
    0x08003558   0x00000030   Code   RO         1032    i.Ublox_Send_Date   gps.o
    0x08003588   0x00000004   Code   RO          189    i.UsageFault_Handler  stm32f10x_it.o
    0x0800358c   0x00000028   Code   RO         3002    i.__ARM_fpclassify  m_ws.l(fpclassify.o)
    0x080035b4   0x000000aa   Code   RO         3004    i.__kernel_poly     m_ws.l(poly.o)
    0x0800365e   0x00000006   Code   RO         2989    i.__mathlib_dbl_infnan  m_ws.l(dunder.o)
    0x08003664   0x00000004   Code   RO         2990    i.__mathlib_dbl_infnan2  m_ws.l(dunder.o)
    0x08003668   0x0000000c   Code   RO         2991    i.__mathlib_dbl_invalid  m_ws.l(dunder.o)
    0x08003674   0x00000010   Code   RO         2994    i.__mathlib_dbl_underflow  m_ws.l(dunder.o)
    0x08003684   0x0000000e   Code   RO         2799    i._is_digit         c_w.l(__printf_wp.o)
    0x08003692   0x00000006   Code   RO         1222    i._sys_exit         usart.o
    0x08003698   0x000000a8   Code   RO          478    i.accel_self_test   inv_mpu.o
    0x08003740   0x00000270   Code   RO         2889    i.asin              m_ws.l(asin.o)
    0x080039b0   0x00000220   Code   RO         2979    i.atan              m_ws.l(atan.o)
    0x08003bd0   0x00000180   Code   RO         2899    i.atan2             m_ws.l(atan2.o)
    0x08003d50   0x00000064   Code   RO          818    i.decode_gesture    inv_mpu_dmp_motion_driver.o
    0x08003db4   0x00000044   Code   RO         1143    i.delay_init        delay.o
    0x08003df8   0x0000004c   Code   RO         1144    i.delay_ms          delay.o
    0x08003e44   0x0000004c   Code   RO         1145    i.delay_us          delay.o
    0x08003e90   0x0000003c   Code   RO          819    i.dmp_enable_6x_lp_quat  inv_mpu_dmp_motion_driver.o
    0x08003ecc   0x0000021c   Code   RO          820    i.dmp_enable_feature  inv_mpu_dmp_motion_driver.o
    0x080040e8   0x00000058   Code   RO          821    i.dmp_enable_gyro_cal  inv_mpu_dmp_motion_driver.o
    0x08004140   0x0000003c   Code   RO          822    i.dmp_enable_lp_quat  inv_mpu_dmp_motion_driver.o
    0x0800417c   0x00000018   Code   RO          827    i.dmp_load_motion_driver_firmware  inv_mpu_dmp_motion_driver.o
    0x08004194   0x000001cc   Code   RO          828    i.dmp_read_fifo     inv_mpu_dmp_motion_driver.o
    0x08004360   0x00000130   Code   RO          831    i.dmp_set_accel_bias  inv_mpu_dmp_motion_driver.o
    0x08004490   0x00000070   Code   RO          832    i.dmp_set_fifo_rate  inv_mpu_dmp_motion_driver.o
    0x08004500   0x00000130   Code   RO          833    i.dmp_set_gyro_bias  inv_mpu_dmp_motion_driver.o
    0x08004630   0x00000138   Code   RO          835    i.dmp_set_orientation  inv_mpu_dmp_motion_driver.o
    0x08004768   0x00000038   Code   RO          838    i.dmp_set_shake_reject_thresh  inv_mpu_dmp_motion_driver.o
    0x080047a0   0x00000026   Code   RO          839    i.dmp_set_shake_reject_time  inv_mpu_dmp_motion_driver.o
    0x080047c6   0x00000026   Code   RO          840    i.dmp_set_shake_reject_timeout  inv_mpu_dmp_motion_driver.o
    0x080047ec   0x00000046   Code   RO          841    i.dmp_set_tap_axes  inv_mpu_dmp_motion_driver.o
    0x08004832   0x00000026   Code   RO          842    i.dmp_set_tap_count  inv_mpu_dmp_motion_driver.o
    0x08004858   0x000001a0   Code   RO          843    i.dmp_set_tap_thresh  inv_mpu_dmp_motion_driver.o
    0x080049f8   0x00000026   Code   RO          844    i.dmp_set_tap_time  inv_mpu_dmp_motion_driver.o
    0x08004a1e   0x00000026   Code   RO          845    i.dmp_set_tap_time_multi  inv_mpu_dmp_motion_driver.o
    0x08004a44   0x0000001c   Code   RO         1223    i.fputc             usart.o
    0x08004a60   0x000000b4   Code   RO          479    i.get_accel_prod_shift  inv_mpu.o
    0x08004b14   0x00000470   Code   RO          480    i.get_st_biases     inv_mpu.o
    0x08004f84   0x00000110   Code   RO          481    i.gyro_self_test    inv_mpu.o
    0x08005094   0x00000028   Code   RO          482    i.inv_orientation_matrix_to_scalar  inv_mpu.o
    0x080050bc   0x0000004e   Code   RO          483    i.inv_row_2_scale   inv_mpu.o
    0x0800510a   0x00000002   PAD
    0x0800510c   0x00000568   Code   RO            5    i.main              main.o
    0x08005674   0x00000002   Code   RO          484    i.mget_ms           inv_mpu.o
    0x08005676   0x00000002   PAD
    0x08005678   0x00000070   Code   RO          485    i.mpu_configure_fifo  inv_mpu.o
    0x080056e8   0x00000224   Code   RO          486    i.mpu_dmp_get_data  inv_mpu.o
    0x0800590c   0x000000a0   Code   RO          487    i.mpu_dmp_init      inv_mpu.o
    0x080059ac   0x0000004c   Code   RO          488    i.mpu_get_accel_fsr  inv_mpu.o
    0x080059f8   0x00000054   Code   RO          490    i.mpu_get_accel_sens  inv_mpu.o
    0x08005a4c   0x00000010   Code   RO          495    i.mpu_get_fifo_config  inv_mpu.o
    0x08005a5c   0x00000044   Code   RO          496    i.mpu_get_gyro_fsr  inv_mpu.o
    0x08005aa0   0x00000050   Code   RO          498    i.mpu_get_gyro_sens  inv_mpu.o
    0x08005af0   0x00000050   Code   RO          500    i.mpu_get_lpf       inv_mpu.o
    0x08005b40   0x00000020   Code   RO          502    i.mpu_get_sample_rate  inv_mpu.o
    0x08005b60   0x000001f0   Code   RO          504    i.mpu_init          inv_mpu.o
    0x08005d50   0x000000b8   Code   RO          505    i.mpu_load_firmware  inv_mpu.o
    0x08005e08   0x000000e0   Code   RO          506    i.mpu_lp_accel_mode  inv_mpu.o
    0x08005ee8   0x000000c0   Code   RO          509    i.mpu_read_fifo_stream  inv_mpu.o
    0x08005fa8   0x00000080   Code   RO          510    i.mpu_read_mem      inv_mpu.o
    0x08006028   0x000001c8   Code   RO          513    i.mpu_reset_fifo    inv_mpu.o
    0x080061f0   0x0000011c   Code   RO          514    i.mpu_run_self_test  inv_mpu.o
    0x0800630c   0x00000084   Code   RO          516    i.mpu_set_accel_fsr  inv_mpu.o
    0x08006390   0x0000014c   Code   RO          517    i.mpu_set_bypass    inv_mpu.o
    0x080064dc   0x00000090   Code   RO          519    i.mpu_set_dmp_state  inv_mpu.o
    0x0800656c   0x00000088   Code   RO          520    i.mpu_set_gyro_fsr  inv_mpu.o
    0x080065f4   0x0000006c   Code   RO          521    i.mpu_set_int_latched  inv_mpu.o
    0x08006660   0x00000084   Code   RO          523    i.mpu_set_lpf       inv_mpu.o
    0x080066e4   0x0000009c   Code   RO          524    i.mpu_set_sample_rate  inv_mpu.o
    0x08006780   0x000000d0   Code   RO          525    i.mpu_set_sensors   inv_mpu.o
    0x08006850   0x00000080   Code   RO          526    i.mpu_write_mem     inv_mpu.o
    0x080068d0   0x00000094   Code   RO          527    i.run_self_test     inv_mpu.o
    0x08006964   0x00000090   Code   RO          528    i.set_int_enable    inv_mpu.o
    0x080069f4   0x00000034   Code   RO          256    i.sim900a_check_cmd  sim900a.o
    0x08006a28   0x00000154   Code   RO          258    i.sim900a_gprs_test  sim900a.o
    0x08006b7c   0x00000080   Code   RO          260    i.sim900a_send_cmd  sim900a.o
    0x08006bfc   0x00000378   Code   RO          261    i.sim900a_tcpudp_test  sim900a.o
    0x08006f74   0x0000004c   Code   RO         3008    i.sqrt              m_ws.l(sqrt.o)
    0x08006fc0   0x00000050   Code   RO         1448    i.u3_printf         usart3.o
    0x08007010   0x000000a0   Code   RO         1224    i.uart_init         usart.o
    0x080070b0   0x000000cc   Code   RO         1399    i.usart2_init       usart2.o
    0x0800717c   0x000000d0   Code   RO         1449    i.usart3_init       usart3.o
    0x0800724c   0x0000002c   Code   RO         3084    locale$$code        c_w.l(lc_numeric_c.o)
    0x08007278   0x0000002c   Code   RO         3165    locale$$code        c_w.l(lc_ctype_c.o)
    0x080072a4   0x00000062   Code   RO         2832    x$fpl$d2f           fz_ws.l(d2f.o)
    0x08007306   0x00000002   PAD
    0x08007308   0x00000150   Code   RO         2834    x$fpl$dadd          fz_ws.l(daddsub_clz.o)
    0x08007458   0x00000010   Code   RO         3086    x$fpl$dcheck1       fz_ws.l(dcheck1.o)
    0x08007468   0x000002b0   Code   RO         2841    x$fpl$ddiv          fz_ws.l(ddiv.o)
    0x08007718   0x00000154   Code   RO         2850    x$fpl$dmul          fz_ws.l(dmul.o)
    0x0800786c   0x0000009c   Code   RO         2965    x$fpl$dnaninf       fz_ws.l(dnaninf.o)
    0x08007908   0x0000000c   Code   RO         2967    x$fpl$dretinf       fz_ws.l(dretinf.o)
    0x08007914   0x00000016   Code   RO         2835    x$fpl$drsb          fz_ws.l(daddsub_clz.o)
    0x0800792a   0x00000002   PAD
    0x0800792c   0x000001cc   Code   RO         3090    x$fpl$dsqrt         fz_ws.l(dsqrt_noumaal.o)
    0x08007af8   0x000001d4   Code   RO         2836    x$fpl$dsub          fz_ws.l(daddsub_clz.o)
    0x08007ccc   0x00000056   Code   RO         2852    x$fpl$f2d           fz_ws.l(f2d.o)
    0x08007d22   0x00000002   PAD
    0x08007d24   0x000000c4   Code   RO         2854    x$fpl$fadd          fz_ws.l(faddsub_clz.o)
    0x08007de8   0x00000018   Code   RO         2969    x$fpl$fcmpinf       fz_ws.l(fcmpi.o)
    0x08007e00   0x00000184   Code   RO         2861    x$fpl$fdiv          fz_ws.l(fdiv.o)
    0x08007f84   0x00000068   Code   RO         2864    x$fpl$feqf          fz_ws.l(feqf.o)
    0x08007fec   0x00000036   Code   RO         2866    x$fpl$ffix          fz_ws.l(ffix.o)
    0x08008022   0x00000002   PAD
    0x08008024   0x0000003e   Code   RO         2870    x$fpl$ffixu         fz_ws.l(ffixu.o)
    0x08008062   0x00000002   PAD
    0x08008064   0x00000030   Code   RO         2875    x$fpl$fflt          fz_ws.l(fflt_clz.o)
    0x08008094   0x00000026   Code   RO         2874    x$fpl$ffltu         fz_ws.l(fflt_clz.o)
    0x080080ba   0x00000002   PAD
    0x080080bc   0x00000068   Code   RO         2880    x$fpl$fleqf         fz_ws.l(fleqf.o)
    0x08008124   0x00000102   Code   RO         2882    x$fpl$fmul          fz_ws.l(fmul.o)
    0x08008226   0x0000008c   Code   RO         2971    x$fpl$fnaninf       fz_ws.l(fnaninf.o)
    0x080082b2   0x0000000a   Code   RO         2973    x$fpl$fretinf       fz_ws.l(fretinf.o)
    0x080082bc   0x00000062   Code   RO         2884    x$fpl$frleqf        fz_ws.l(frleqf.o)
    0x0800831e   0x00000002   PAD
    0x08008320   0x000000ea   Code   RO         2856    x$fpl$fsub          fz_ws.l(faddsub_clz.o)
    0x0800840a   0x00000004   Code   RO         2886    x$fpl$printf1       fz_ws.l(printf1.o)
    0x0800840e   0x00000064   Code   RO         3160    x$fpl$retnan        fz_ws.l(retnan.o)
    0x08008472   0x0000005c   Code   RO         2975    x$fpl$scalbn        fz_ws.l(scalbn.o)
    0x080084ce   0x00000030   Code   RO         3175    x$fpl$trapveneer    fz_ws.l(trapv.o)
    0x080084fe   0x00000000   Code   RO         2977    x$fpl$usenofp       fz_ws.l(usenofp.o)
    0x080084fe   0x00000002   PAD
    0x08008500   0x00000050   Data   RO          530    .constdata          inv_mpu.o
    0x08008550   0x00000bf6   Data   RO          847    .constdata          inv_mpu_dmp_motion_driver.o
    0x08009146   0x00000028   Data   RO         2787    .constdata          c_w.l(_printf_hex_int_ll_ptr.o)
    0x0800916e   0x00000011   Data   RO         2807    .constdata          c_w.l(__printf_flags_ss_wp.o)
    0x0800917f   0x00000001   PAD
    0x08009180   0x00000050   Data   RO         2890    .constdata          m_ws.l(asin.o)
    0x080091d0   0x00000008   Data   RO         2934    .constdata          c_w.l(_printf_wctomb.o)
    0x080091d8   0x00000098   Data   RO         2980    .constdata          m_ws.l(atan.o)
    0x08009270   0x00000008   Data   RO         3006    .constdata          m_ws.l(qnan.o)
    0x08009278   0x00000094   Data   RO         3053    .constdata          c_w.l(bigflt0.o)
    0x0800930c   0x0000004b   Data   RO          262    .conststring        sim900a.o
    0x08009357   0x00000001   PAD
    0x08009358   0x0000004d   Data   RO          531    .conststring        inv_mpu.o
    0x080093a5   0x00000003   PAD
    0x080093a8   0x00000020   Data   RO         3246    Region$$Table       anon$$obj.o
    0x080093c8   0x0000001c   Data   RO         3083    locale$$data        c_w.l(lc_numeric_c.o)
    0x080093e4   0x00000110   Data   RO         3164    locale$$data        c_w.l(lc_ctype_c.o)


    Execution Region RW_IRAM1 (Base: 0x20000000, Size: 0x00001400, Max: 0x00010000, ABSOLUTE)

    Base Addr    Size         Type   Attr      Idx    E Section Name        Object

    0x20000000   0x00000018   Data   RW            7    .data               main.o
    0x20000018   0x00000035   Data   RW          532    .data               inv_mpu.o
    0x2000004d   0x00000001   PAD
    0x2000004e   0x00000004   Data   RW         1146    .data               delay.o
    0x20000052   0x00000002   PAD
    0x20000054   0x00000006   Data   RW         1226    .data               usart.o
    0x2000005a   0x00000001   Data   RW         1276    .data               key.o
    0x2000005b   0x00000001   PAD
    0x2000005c   0x00000002   Data   RW         1401    .data               usart2.o
    0x2000005e   0x00000002   Data   RW         1451    .data               usart3.o
    0x20000060   0x00000014   Data   RW         1762    .data               stm32f10x_rcc.o
    0x20000074   0x00000014   Data   RW         2705    .data               system_stm32f10x.o
    0x20000088   0x000002df   Zero   RW            6    .bss                main.o
    0x20000367   0x00000001   PAD
    0x20000368   0x00000010   Zero   RW          846    .bss                inv_mpu_dmp_motion_driver.o
    0x20000378   0x000000c8   Zero   RW         1225    .bss                usart.o
    0x20000440   0x000004b0   Zero   RW         1400    .bss                usart2.o
    0x200008f0   0x000004b0   Zero   RW         1450    .bss                usart3.o
    0x20000da0   0x00000060   Zero   RW         3095    .bss                c_w.l(libspace.o)
    0x20000e00   0x00000200   Zero   RW         2692    HEAP                startup_stm32f10x_hd.o
    0x20001000   0x00000400   Zero   RW         2691    STACK               startup_stm32f10x_hd.o


==============================================================================

Image component sizes


      Code (inc. data)   RO Data    RW Data    ZI Data      Debug   Object Name

       220         26          0          4          0       1831   delay.o
      2146         82          0          0          0      12130   gps.o
      6864        290        157         53          0      32292   inv_mpu.o
      3096        122       3062          0         16      21390   inv_mpu_dmp_motion_driver.o
       260         20          0          1          0       1230   key.o
        76          8          0          0          0        527   led.o
      1572        320          0         24        735     258155   main.o
       172         22          0          0          0       2245   misc.o
       608          0          0          0          0       6515   mpu6050.o
       662        100          0          0          0       5094   mpuiic.o
      1408        584         75          0          0       4019   sim900a.o
        64         26        304          0       1536        852   startup_stm32f10x_hd.o
       300          0          0          0          0       3307   stm32f10x_gpio.o
        26          0          0          0          0       4118   stm32f10x_it.o
       340         44          0         20          0       5816   stm32f10x_rcc.o
       250         42          0          0          0       4379   stm32f10x_tim.o
       598         28          0          0          0       7136   stm32f10x_usart.o
       328         28          0         20          0       2485   system_stm32f10x.o
       148         16          0          0          0       1202   timer2.o
       148         16          0          0          0       1202   timer3.o
       330         26          0          6        200       4316   usart.o
       316         36          0          2       1200       2786   usart2.o
       400         44          0          2       1200       2850   usart3.o

    ----------------------------------------------------------------------
     20352       1880       3634        136       4888     385877   Object Totals
         0          0         32          0          0          0   (incl. Generated)
        20          0          4          4          1          0   (incl. Padding)

    ----------------------------------------------------------------------

      Code (inc. data)   RO Data    RW Data    ZI Data      Debug   Library Member Name

        24          4          0          0          0         84   __2printf.o
        44          6          0          0          0         84   __2sprintf.o
         8          0          0          0          0         68   __main.o
       392          4         17          0          0         92   __printf_flags_ss_wp.o
        14          0          0          0          0         68   __printf_wp.o
         0          0          0          0          0          0   __rtentry.o
        12          0          0          0          0          0   __rtentry2.o
         6          0          0          0          0          0   __rtentry4.o
        52          8          0          0          0          0   __scatter.o
        26          0          0          0          0          0   __scatter_copy.o
        28          0          0          0          0          0   __scatter_zi.o
         6          0          0          0          0          0   _printf_a.o
         6          0          0          0          0          0   _printf_c.o
        44          0          0          0          0        108   _printf_char.o
        48          6          0          0          0         96   _printf_char_common.o
        36          4          0          0          0         80   _printf_char_file.o
        40          0          0          0          0         68   _printf_charcount.o
         6          0          0          0          0          0   _printf_d.o
       120         16          0          0          0         92   _printf_dec.o
         6          0          0          0          0          0   _printf_e.o
         6          0          0          0          0          0   _printf_f.o
      1050          0          0          0          0        216   _printf_fp_dec.o
       128         16          0          0          0         84   _printf_fp_infnan.o
         6          0          0          0          0          0   _printf_g.o
       148          4         40          0          0        160   _printf_hex_int_ll_ptr.o
         6          0          0          0          0          0   _printf_i.o
       178          0          0          0          0         88   _printf_intcommon.o
        10          0          0          0          0          0   _printf_l.o
         6          0          0          0          0          0   _printf_lc.o
        10          0          0          0          0          0   _printf_ll.o
         6          0          0          0          0          0   _printf_lld.o
         6          0          0          0          0          0   _printf_lli.o
         6          0          0          0          0          0   _printf_llo.o
         6          0          0          0          0          0   _printf_llu.o
         6          0          0          0          0          0   _printf_llx.o
       124         16          0          0          0         92   _printf_longlong_dec.o
         6          0          0          0          0          0   _printf_ls.o
         6          0          0          0          0          0   _printf_n.o
         6          0          0          0          0          0   _printf_o.o
       112          8          0          0          0        124   _printf_oct_int_ll.o
         6          0          0          0          0          0   _printf_p.o
        78          0          0          0          0        108   _printf_pad.o
         0          0          0          0          0          0   _printf_percent.o
         4          0          0          0          0          0   _printf_percent_end.o
         6          0          0          0          0          0   _printf_s.o
        82          0          0          0          0         80   _printf_str.o
        36          0          0          0          0         84   _printf_truncate.o
         6          0          0          0          0          0   _printf_u.o
        44          0          0          0          0        108   _printf_wchar.o
       188          6          8          0          0         92   _printf_wctomb.o
         6          0          0          0          0          0   _printf_x.o
        22          0          0          0          0        100   _rserrno.o
        10          0          0          0          0         68   _sputc.o
        64          0          0          0          0         92   _wcrtomb.o
        16          0          0          0          0         68   aeabi_memset.o
       220          4        148          0          0         96   bigflt0.o
      1910        128          0          0          0        672   btod.o
        36          4          0          0          0         76   c89vsprintf.o
        18          0          0          0          0         80   exit.o
         8          0          0          0          0         68   ferror.o
         6          0          0          0          0        152   heapauxi.o
        44         10        272          0          0         76   lc_ctype_c.o
        44         10         28          0          0         76   lc_numeric_c.o
         2          0          0          0          0          0   libinit.o
        30          0          0          0          0          0   libinit2.o
         2          0          0          0          0          0   libshutdown.o
         2          0          0          0          0          0   libshutdown2.o
         8          4          0          0         96         68   libspace.o
        72          0          0          0          0         76   llsdiv.o
       138          0          0          0          0         80   lludiv10.o
       238          0          0          0          0        100   lludivv7m.o
        88          0          0          0          0         76   memcmp.o
        16          4          0          0          0         76   rt_ctype_table.o
         8          4          0          0          0         68   rt_errno_addr_intlibspace.o
         8          4          0          0          0         68   rt_locale_intlibspace.o
        68          0          0          0          0         68   rt_memclr.o
        78          0          0          0          0         80   rt_memclr_w.o
       100          0          0          0          0         80   rt_memcpy_w.o
         2          0          0          0          0          0   rtexit.o
        10          0          0          0          0          0   rtexit2.o
        24          0          0          0          0         68   strcat.o
       128          0          0          0          0         68   strcmpv7m.o
        62          0          0          0          0         76   strlen.o
        36          0          0          0          0         80   strstr.o
        74          0          0          0          0         80   sys_stackheap_outer.o
         2          0          0          0          0         68   use_no_semi.o
         2          0          0          0          0         68   use_no_semi_2.o
        98          4          0          0          0         92   d2f.o
       826         16          0          0          0        348   daddsub_clz.o
        16          4          0          0          0         68   dcheck1.o
       688        140          0          0          0        208   ddiv.o
       340         12          0          0          0        104   dmul.o
       156          4          0          0          0         92   dnaninf.o
        12          0          0          0          0         68   dretinf.o
       460         56          0          0          0        120   dsqrt_noumaal.o
        86          4          0          0          0         84   f2d.o
       430          8          0          0          0        168   faddsub_clz.o
        24          0          0          0          0         68   fcmpi.o
       388         76          0          0          0         96   fdiv.o
       104          4          0          0          0         84   feqf.o
        54          4          0          0          0         84   ffix.o
        62          4          0          0          0         84   ffixu.o
        86          0          0          0          0        136   fflt_clz.o
       104          4          0          0          0         84   fleqf.o
       258          4          0          0          0         84   fmul.o
       140          4          0          0          0         84   fnaninf.o
        10          0          0          0          0         68   fretinf.o
        98          0          0          0          0         68   frleqf.o
         4          0          0          0          0         68   printf1.o
       100          0          0          0          0         68   retnan.o
        92          0          0          0          0         68   scalbn.o
        48          0          0          0          0         68   trapv.o
         0          0          0          0          0          0   usenofp.o
       624         52         80          0          0        168   asin.o
       544         70        152          0          0        124   atan.o
       384         38          0          0          0        144   atan2.o
        38          6          0          0          0        272   dunder.o
        40          0          0          0          0         68   fpclassify.o
       170          0          0          0          0         96   poly.o
         0          0          8          0          0          0   qnan.o
        76          0          0          0          0         84   sqrt.o

    ----------------------------------------------------------------------
     13392        784        754          0         96       8568   Library Totals
        30          0          1          0          0          0   (incl. Padding)

    ----------------------------------------------------------------------

      Code (inc. data)   RO Data    RW Data    ZI Data      Debug   Library Name

      6802        270        513          0         96       5048   c_w.l
      4684        348          0          0          0       2564   fz_ws.l
      1876        166        240          0          0        956   m_ws.l

    ----------------------------------------------------------------------
     13392        784        754          0         96       8568   Library Totals

    ----------------------------------------------------------------------

==============================================================================


      Code (inc. data)   RO Data    RW Data    ZI Data      Debug   

     33744       2664       4388        136       4984     382013   Grand Totals
     33744       2664       4388        136       4984     382013   ELF Image Totals
     33744       2664       4388        136          0          0   ROM Totals

==============================================================================

    Total RO  Size (Code + RO Data)                38132 (  37.24kB)
    Total RW  Size (RW Data + ZI Data)              5120 (   5.00kB)
    Total ROM Size (Code + RO Data + RW Data)      38268 (  37.37kB)

==============================================================================

